Archive member included to satisfy reference by file (symbol)

app/libapp.a(main.c.obj)      (--whole-archive)
app/libapp.a(led.c.obj)       (--whole-archive)
app/libapp.a(button_handler.c.obj)
                              (--whole-archive)
zephyr/libzephyr.a(cbprintf.c.obj)
                              (--whole-archive)
zephyr/libzephyr.a(cbprintf_packaged.c.obj)
                              (--whole-archive)
zephyr/libzephyr.a(crc32c_sw.c.obj)
                              (--whole-archive)
zephyr/libzephyr.a(crc32_sw.c.obj)
                              (--whole-archive)
zephyr/libzephyr.a(crc16_sw.c.obj)
                              (--whole-archive)
zephyr/libzephyr.a(crc8_sw.c.obj)
                              (--whole-archive)
zephyr/libzephyr.a(crc7_sw.c.obj)
                              (--whole-archive)
zephyr/libzephyr.a(dec.c.obj)
                              (--whole-archive)
zephyr/libzephyr.a(fdtable.c.obj)
                              (--whole-archive)
zephyr/libzephyr.a(hex.c.obj)
                              (--whole-archive)
zephyr/libzephyr.a(notify.c.obj)
                              (--whole-archive)
zephyr/libzephyr.a(printk.c.obj)
                              (--whole-archive)
zephyr/libzephyr.a(onoff.c.obj)
                              (--whole-archive)
zephyr/libzephyr.a(rb.c.obj)  (--whole-archive)
zephyr/libzephyr.a(sem.c.obj)
                              (--whole-archive)
zephyr/libzephyr.a(thread_entry.c.obj)
                              (--whole-archive)
zephyr/libzephyr.a(timeutil.c.obj)
                              (--whole-archive)
zephyr/libzephyr.a(heap.c.obj)
                              (--whole-archive)
zephyr/libzephyr.a(heap-validate.c.obj)
                              (--whole-archive)
zephyr/libzephyr.a(bitarray.c.obj)
                              (--whole-archive)
zephyr/libzephyr.a(multi_heap.c.obj)
                              (--whole-archive)
zephyr/libzephyr.a(cbprintf_complete.c.obj)
                              (--whole-archive)
zephyr/libzephyr.a(reboot.c.obj)
                              (--whole-archive)
zephyr/libzephyr.a(configs.c.obj)
                              (--whole-archive)
zephyr/libzephyr.a(soc.c.obj)
                              (--whole-archive)
zephyr/libzephyr.a(power.c.obj)
                              (--whole-archive)
zephyr/libzephyr.a(soc_nrf_common.S.obj)
                              (--whole-archive)
zephyr/libzephyr.a(validate_base_addresses.c.obj)
                              (--whole-archive)
zephyr/libzephyr.a(validate_enabled_instances.c.obj)
                              (--whole-archive)
zephyr/libzephyr.a(pm.c.obj)  (--whole-archive)
zephyr/libzephyr.a(constraint.c.obj)
                              (--whole-archive)
zephyr/libzephyr.a(residency.c.obj)
                              (--whole-archive)
zephyr/libzephyr.a(tracing_none.c.obj)
                              (--whole-archive)
zephyr/libzephyr.a(secure_services_ns.c.obj)
                              (--whole-archive)
zephyr/libzephyr.a(flash_map_partition_manager.c.obj)
                              (--whole-archive)
zephyr/arch/common/libarch__common.a(sw_isr_common.c.obj)
                              (--whole-archive)
zephyr/arch/arch/arm/core/aarch32/libarch__arm__core__aarch32.a(cpu_idle.S.obj)
                              (--whole-archive)
zephyr/arch/arch/arm/core/aarch32/libarch__arm__core__aarch32.a(fatal.c.obj)
                              (--whole-archive)
zephyr/arch/arch/arm/core/aarch32/libarch__arm__core__aarch32.a(irq_manage.c.obj)
                              (--whole-archive)
zephyr/arch/arch/arm/core/aarch32/libarch__arm__core__aarch32.a(nmi.c.obj)
                              (--whole-archive)
zephyr/arch/arch/arm/core/aarch32/libarch__arm__core__aarch32.a(nmi_on_reset.S.obj)
                              (--whole-archive)
zephyr/arch/arch/arm/core/aarch32/libarch__arm__core__aarch32.a(prep_c.c.obj)
                              (--whole-archive)
zephyr/arch/arch/arm/core/aarch32/libarch__arm__core__aarch32.a(swap.c.obj)
                              (--whole-archive)
zephyr/arch/arch/arm/core/aarch32/libarch__arm__core__aarch32.a(swap_helper.S.obj)
                              (--whole-archive)
zephyr/arch/arch/arm/core/aarch32/libarch__arm__core__aarch32.a(thread.c.obj)
                              (--whole-archive)
zephyr/arch/arch/arm/core/aarch32/libarch__arm__core__aarch32.a(isr_wrapper.S.obj)
                              (--whole-archive)
zephyr/arch/arch/arm/core/aarch32/cortex_m/libarch__arm__core__aarch32__cortex_m.a(exc_exit.S.obj)
                              (--whole-archive)
zephyr/arch/arch/arm/core/aarch32/cortex_m/libarch__arm__core__aarch32__cortex_m.a(fault.c.obj)
                              (--whole-archive)
zephyr/arch/arch/arm/core/aarch32/cortex_m/libarch__arm__core__aarch32__cortex_m.a(fault_s.S.obj)
                              (--whole-archive)
[...]
Memory Configuration

Name             Origin             Length             Attributes
FLASH            0x00010000         0x000f0000         xr
SRAM             0x2000c4e8         0x00033b18         xw
IDT_LIST         0xfffff7ff         0x00000800         xw
*default*        0x00000000         0xffffffff

Linker script and memory map

LOAD zephyr/CMakeFiles/zephyr_pre0.dir/misc/empty_file.c.obj
                0x00000020                _region_min_align = 0x20

.rel.plt        0x00010000        0x0
 *(SORT_BY_ALIGNMENT(.rel.plt))
                [!provide]                PROVIDE (__rel_iplt_start = .)
 *(SORT_BY_ALIGNMENT(.rel.iplt))
 .rel.iplt      0x00010000        0x0 app/libapp.a(main.c.obj)
                [!provide]                PROVIDE (__rel_iplt_end = .)

.rela.plt       0x00000000        0x0
 *(SORT_BY_ALIGNMENT(.rela.plt))
                [!provide]                PROVIDE (__rela_iplt_start = .)
 *(SORT_BY_ALIGNMENT(.rela.iplt))
                [!provide]                PROVIDE (__rela_iplt_end = .)

.rel.dyn
 *(SORT_BY_ALIGNMENT(.rel.*))

.rela.dyn
 *(SORT_BY_ALIGNMENT(.rela.*))

/DISCARD/
 *(SORT_BY_ALIGNMENT(.plt))
 *(SORT_BY_ALIGNMENT(.iplt))
 *(SORT_BY_ALIGNMENT(.got.plt))
 *(SORT_BY_ALIGNMENT(.igot.plt))
 *(SORT_BY_ALIGNMENT(.got))
 *(SORT_BY_ALIGNMENT(.igot))
 *(SORT_BY_ALIGNMENT(.note.GNU-stack))
                0x00010000                __rom_region_start = 0x10000

rom_start       0x00010000      0x23c
                0x00000000                . = 0x0
                0x00000000                . = ALIGN (0x4)
                0x00000000                . = ALIGN (0x80)
                0x00000000                . = ALIGN (0x200)
                0x00010000                _vector_start = .
 *(SORT_BY_ALIGNMENT(.exc_vector_table))
 *(SORT_BY_ALIGNMENT(.exc_vector_table.*))
 .exc_vector_table._vector_table_section
                0x00010000       0x40 zephyr/arch/arch/arm/core/aarch32/cortex_m/libarch__arm__core__aarch32__cortex_m.a(vector_table.S.obj)
                0x00010000                _vector_table
 *(SORT_BY_ALIGNMENT(.gnu.linkonce.irq_vector_table*))
 .gnu.linkonce.irq_vector_table
                0x00010040      0x104 zephyr/arch/common/libisr_tables.a(isr_tables.c.obj)
                0x00010040                _irq_vector_table
 *(SORT_BY_ALIGNMENT(.vectors))
                0x00010144                _vector_end = .
                0x00000200                . = 0x200
 *fill*         0x00010144       0xbc 
                0x00010200                _fw_info_start = .
 *(SORT_BY_NAME(SORT_BY_ALIGNMENT(.firmware_info*)))
 .firmware_info
                0x00010200       0x3c modules/nrf/subsys/fw_info/lib..__nrf__subsys__fw_info.a(fw_info.c.obj)
                0x00010200                m_firmware_info
                0x0000003c                _fw_info_size = ABSOLUTE ((. - _fw_info_start))

text            0x0001023c     0x6d54
                0x0001023c                __text_region_start = .
 *(SORT_BY_ALIGNMENT(.text))
 .text          0x0001023c       0x30 d:/zepyth/v1.9.1/toolchain/opt/bin/../lib/gcc/arm-none-eabi/9.2.1/thumb/v8-m.main/nofp\libgcc.a(_aeabi_uldivmod.o)
                0x0001023c                __aeabi_uldivmod
 .text          0x0001026c      0x2c8 d:/zepyth/v1.9.1/toolchain/opt/bin/../lib/gcc/arm-none-eabi/9.2.1/thumb/v8-m.main/nofp\libgcc.a(_udivmoddi4.o)
                0x0001026c                __udivmoddi4
 .text          0x00010534        0x4 d:/zepyth/v1.9.1/toolchain/opt/bin/../lib/gcc/arm-none-eabi/9.2.1/thumb/v8-m.main/nofp\libgcc.a(_dvmd_tls.o)
                0x00010534                __aeabi_idiv0
                0x00010534                __aeabi_ldiv0
 *(SORT_BY_ALIGNMENT(.text.*))
 .text.my_timer_handler
                0x00010538       0x14 app/libapp.a(main.c.obj)
                0x00010538                my_timer_handler
 .text.button_handler
                0x0001054c       0x74 app/libapp.a(main.c.obj)
 .text.main     0x000105c0       0x44 app/libapp.a(main.c.obj)
                0x000105c0                main
 .text.led_init
                0x00010604       0x34 app/libapp.a(led.c.obj)
                0x00010604                led_init
 .text.led_on   0x00010638       0x1c app/libapp.a(led.c.obj)
                0x00010638                led_on
 .text.led_off  0x00010654       0x1c app/libapp.a(led.c.obj)
                0x00010654                led_off
 .text.gpio_add_callback.constprop.0
                0x00010670       0x1c app/libapp.a(button_handler.c.obj)
 .text.button_pressed
                0x0001068c       0x48 app/libapp.a(button_handler.c.obj)
 .text.button1_long_timer_handler
                0x000106d4       0x30 app/libapp.a(button_handler.c.obj)
                0x000106d4                button1_long_timer_handler
 .text.button2_long_timer_handler
                0x00010704       0x34 app/libapp.a(button_handler.c.obj)
                0x00010704                button2_long_timer_handler
 .text.button1_shot_timer_handler
                0x00010738       0x44 app/libapp.a(button_handler.c.obj)
                0x00010738                button1_shot_timer_handler
 .text.button2_shot_timer_handler
                0x0001077c       0x48 app/libapp.a(button_handler.c.obj)
                0x0001077c                button2_shot_timer_handler
 .text.button_handler_init
                0x000107c4      0x108 app/libapp.a(button_handler.c.obj)
                0x000107c4                button_handler_init
 .text.char_out
                0x000108cc       0x10 zephyr/libzephyr.a(printk.c.obj)
 .text.__printk_hook_install
                0x000108dc        0xc zephyr/libzephyr.a(printk.c.obj)
                0x000108dc                __printk_hook_install
 .text.vprintk  0x000108e8       0x1c zephyr/libzephyr.a(printk.c.obj)
                0x000108e8                vprintk
 .text.process_event
                0x00010904      0x1cc zephyr/libzephyr.a(onoff.c.obj)
 .text.cbvprintf
                0x00010ad0      0x780 zephyr/libzephyr.a(cbprintf_complete.c.obj)
                0x00010ad0                cbvprintf
 .text.nordicsemi_nrf91_init
                0x00011250       0x28 zephyr/libzephyr.a(soc.c.obj)
 .text.arch_busy_wait
                0x00011278       0x14 zephyr/libzephyr.a(soc.c.obj)
                0x00011278                arch_busy_wait
 .text.pm_state_notify
                0x0001128c       0x64 zephyr/libzephyr.a(pm.c.obj)
 .text.atomic_test_and_set_bit.constprop.0
                0x000112f0       0x30 zephyr/libzephyr.a(pm.c.obj)
 .text.pm_system_resume
                0x00011320       0x80 zephyr/libzephyr.a(pm.c.obj)
                0x00011320                pm_system_resume
 .text.pm_system_suspend
                0x000113a0       0xf0 zephyr/libzephyr.a(pm.c.obj)
                0x000113a0                pm_system_suspend
 .text.before_nse
                0x00011490       0x14 zephyr/libzephyr.a(secure_services_ns.c.obj)
                0x00011490                before_nse
 .text.after_nse
                0x000114a4       0x14 zephyr/libzephyr.a(secure_services_ns.c.obj)
                0x000114a4                after_nse
 .text.z_arm_cpu_idle_init
                0x000114b8        0xc zephyr/arch/arch/arm/core/aarch32/libarch__arm__core__aarch32.a(cpu_idle.S.obj)
                0x000114b8                z_arm_cpu_idle_init
 .text.arch_cpu_idle
                0x000114c4       0x1c zephyr/arch/arch/arm/core/aarch32/libarch__arm__core__aarch32.a(cpu_idle.S.obj)
                0x000114c4                arch_cpu_idle
 .text.arch_cpu_atomic_idle
                0x000114e0       0x14 zephyr/arch/arch/arm/core/aarch32/libarch__arm__core__aarch32.a(cpu_idle.S.obj)
                0x000114e0                arch_cpu_atomic_idle
 .text.arch_irq_enable
                0x000114f4       0x20 zephyr/arch/arch/arm/core/aarch32/libarch__arm__core__aarch32.a(irq_manage.c.obj)
                0x000114f4                arch_irq_enable
 .text.arch_irq_is_enabled
                0x00011514       0x1c zephyr/arch/arch/arm/core/aarch32/libarch__arm__core__aarch32.a(irq_manage.c.obj)
                0x00011514                arch_irq_is_enabled
 .text.z_arm_irq_priority_set
                0x00011530       0x2c zephyr/arch/arch/arm/core/aarch32/libarch__arm__core__aarch32.a(irq_manage.c.obj)
                0x00011530                z_arm_irq_priority_set
 .text._arch_isr_direct_pm
                0x0001155c       0x1c zephyr/arch/arch/arm/core/aarch32/libarch__arm__core__aarch32.a(irq_manage.c.obj)
                0x0001155c                _arch_isr_direct_pm
 .text.z_SysNmiOnReset
                0x00011578        0x8 zephyr/arch/arch/arm/core/aarch32/libarch__arm__core__aarch32.a(nmi_on_reset.S.obj)
                0x00011578                z_SysNmiOnReset
 .text.z_arm_prep_c
                0x00011580       0x48 zephyr/arch/arch/arm/core/aarch32/libarch__arm__core__aarch32.a(prep_c.c.obj)
                0x00011580                z_arm_prep_c
 .text.arch_swap
                0x000115c8       0x34 zephyr/arch/arch/arm/core/aarch32/libarch__arm__core__aarch32.a(swap.c.obj)
                0x000115c8                arch_swap
 .text.z_arm_pendsv
                0x000115fc       0x58 zephyr/arch/arch/arm/core/aarch32/libarch__arm__core__aarch32.a(swap_helper.S.obj)
                0x000115fc                z_arm_pendsv
 .text.z_arm_svc
                0x00011654       0x20 zephyr/arch/arch/arm/core/aarch32/libarch__arm__core__aarch32.a(swap_helper.S.obj)
                0x00011654                z_arm_svc
 .text.arch_new_thread
                0x00011674       0x38 zephyr/arch/arch/arm/core/aarch32/libarch__arm__core__aarch32.a(thread.c.obj)
                0x00011674                arch_new_thread
 .text.arch_switch_to_main_thread
                0x000116ac       0x28 zephyr/arch/arch/arm/core/aarch32/libarch__arm__core__aarch32.a(thread.c.obj)
                0x000116ac                arch_switch_to_main_thread
 .text._isr_wrapper
                0x000116d4       0x40 zephyr/arch/arch/arm/core/aarch32/libarch__arm__core__aarch32.a(isr_wrapper.S.obj)
                0x000116d4                _isr_wrapper
 .text._HandlerModeExit
                0x00011714       0x1c zephyr/arch/arch/arm/core/aarch32/cortex_m/libarch__arm__core__aarch32__cortex_m.a(exc_exit.S.obj)
                0x00011714                z_arm_int_exit
                0x00011714                z_arm_exc_exit
 .text.mem_manage_fault.isra.0
                0x00011730       0x40 zephyr/arch/arch/arm/core/aarch32/cortex_m/libarch__arm__core__aarch32__cortex_m.a(fault.c.obj)
 .text.bus_fault.isra.0
                0x00011770       0x3c zephyr/arch/arch/arm/core/aarch32/cortex_m/libarch__arm__core__aarch32__cortex_m.a(fault.c.obj)
 .text.usage_fault.isra.0
                0x000117ac       0x2c zephyr/arch/arch/arm/core/aarch32/cortex_m/libarch__arm__core__aarch32__cortex_m.a(fault.c.obj)
 .text.z_arm_fault
                0x000117d8      0x110 zephyr/arch/arch/arm/core/aarch32/cortex_m/libarch__arm__core__aarch32__cortex_m.a(fault.c.obj)
                0x000117d8                z_arm_fault
 .text.z_arm_fault_init
                0x000118e8       0x18 zephyr/arch/arch/arm/core/aarch32/cortex_m/libarch__arm__core__aarch32__cortex_m.a(fault.c.obj)
                0x000118e8                z_arm_fault_init
 .text.__fault  0x00011900       0x14 zephyr/arch/arch/arm/core/aarch32/cortex_m/libarch__arm__core__aarch32__cortex_m.a(fault_s.S.obj)
                0x00011900                z_arm_usage_fault
                0x00011900                z_arm_mpu_fault
                0x00011900                z_arm_exc_spurious
                0x00011900                z_arm_debug_monitor
                0x00011900                z_arm_hard_fault
                0x00011900                z_arm_bus_fault
 .text.z_arm_interrupt_init
                0x00011914       0x18 zephyr/arch/arch/arm/core/aarch32/cortex_m/libarch__arm__core__aarch32__cortex_m.a(irq_init.c.obj)
                0x00011914                z_arm_interrupt_init
 .text._reset_section
                0x0001192c       0x30 zephyr/arch/arch/arm/core/aarch32/cortex_m/libarch__arm__core__aarch32__cortex_m.a(reset.S.obj)
                0x0001192c                __start
                0x0001192c                z_arm_reset
 .text.sys_arch_reboot
                0x0001195c       0x24 zephyr/arch/arch/arm/core/aarch32/cortex_m/libarch__arm__core__aarch32__cortex_m.a(scb.c.obj)
                0x0001195c                sys_arch_reboot
 .text.z_impl_k_thread_abort
                0x00011980       0x24 zephyr/arch/arch/arm/core/aarch32/cortex_m/libarch__arm__core__aarch32__cortex_m.a(thread_abort.c.obj)
                0x00011980                z_impl_k_thread_abort
 .text.z_arm_configure_static_mpu_regions
                0x000119a4       0x38 zephyr/arch/arch/arm/core/aarch32/mpu/libarch__arm__core__aarch32__mpu.a(arm_core_mpu.c.obj)
                0x000119a4                z_arm_configure_static_mpu_regions
 .text.region_init
                0x000119dc       0x30 zephyr/arch/arch/arm/core/aarch32/mpu/libarch__arm__core__aarch32__mpu.a(arm_mpu.c.obj)
 .text.mpu_configure_regions_and_partition.constprop.0
                0x00011a0c      0x13c zephyr/arch/arch/arm/core/aarch32/mpu/libarch__arm__core__aarch32__mpu.a(arm_mpu.c.obj)
 .text.arm_core_mpu_enable
                0x00011b48       0x14 zephyr/arch/arch/arm/core/aarch32/mpu/libarch__arm__core__aarch32__mpu.a(arm_mpu.c.obj)
                0x00011b48                arm_core_mpu_enable
 .text.arm_core_mpu_disable
                0x00011b5c       0x10 zephyr/arch/arch/arm/core/aarch32/mpu/libarch__arm__core__aarch32__mpu.a(arm_mpu.c.obj)
                0x00011b5c                arm_core_mpu_disable
 .text.arm_core_mpu_configure_static_mpu_regions
                0x00011b6c       0x14 zephyr/arch/arch/arm/core/aarch32/mpu/libarch__arm__core__aarch32__mpu.a(arm_mpu.c.obj)
                0x00011b6c                arm_core_mpu_configure_static_mpu_regions
 .text.arm_core_mpu_mark_areas_for_dynamic_regions
                0x00011b80       0xac zephyr/arch/arch/arm/core/aarch32/mpu/libarch__arm__core__aarch32__mpu.a(arm_mpu.c.obj)
                0x00011b80                arm_core_mpu_mark_areas_for_dynamic_regions
 .text.z_arm_mpu_init
                0x00011c2c       0x4c zephyr/arch/arch/arm/core/aarch32/mpu/libarch__arm__core__aarch32__mpu.a(arm_mpu.c.obj)
                0x00011c2c                z_arm_mpu_init
 .text.__stdout_hook_install
                0x00011c78        0xc zephyr/lib/libc/minimal/liblib__libc__minimal.a(stdout_console.c.obj)
                0x00011c78                __stdout_hook_install
 .text.onoff_stop
                0x00011c84       0x48 zephyr/drivers/clock_control/libdrivers__clock_control.a(clock_control_nrf.c.obj)
 .text.onoff_start
                0x00011ccc       0x58 zephyr/drivers/clock_control/libdrivers__clock_control.a(clock_control_nrf.c.obj)
 .text.clk_init
                0x00011d24       0x60 zephyr/drivers/clock_control/libdrivers__clock_control.a(clock_control_nrf.c.obj)
 .text.clkstarted_handle.constprop.0
                0x00011d84       0x34 zephyr/drivers/clock_control/libdrivers__clock_control.a(clock_control_nrf.c.obj)
 .text.clock_event_handler
                0x00011db8       0x1c zephyr/drivers/clock_control/libdrivers__clock_control.a(clock_control_nrf.c.obj)
 .text.generic_hfclk_start
                0x00011dd4       0x64 zephyr/drivers/clock_control/libdrivers__clock_control.a(clock_control_nrf.c.obj)
 .text.generic_hfclk_stop
                0x00011e38       0x24 zephyr/drivers/clock_control/libdrivers__clock_control.a(clock_control_nrf.c.obj)
 .text.api_blocking_start
                0x00011e5c       0x34 zephyr/drivers/clock_control/libdrivers__clock_control.a(clock_control_nrf.c.obj)
 .text.z_nrf_clock_control_lf_on
                0x00011e90      0x104 zephyr/drivers/clock_control/libdrivers__clock_control.a(clock_control_nrf.c.obj)
                0x00011e90                z_nrf_clock_control_lf_on
 .text.uart_console_init
                0x00011f94       0x30 zephyr/drivers/console/libdrivers__console.a(uart_console.c.obj)
 .text.console_out
                0x00011fc4       0x28 zephyr/drivers/console/libdrivers__console.a(uart_console.c.obj)
 .text.gpio_nrfx_pin_interrupt_configure
                0x00011fec       0xc8 zephyr/drivers/gpio/libdrivers__gpio.a(gpio_nrfx.c.obj)
 .text.gpio_nrfx_init
                0x000120b4       0x38 zephyr/drivers/gpio/libdrivers__gpio.a(gpio_nrfx.c.obj)
 .text.nrfx_gpio_handler
                0x000120ec       0x40 zephyr/drivers/gpio/libdrivers__gpio.a(gpio_nrfx.c.obj)
 .text.gpio_nrfx_pin_configure
                0x0001212c      0x158 zephyr/drivers/gpio/libdrivers__gpio.a(gpio_nrfx.c.obj)
 .text.uarte_nrfx_configure
                0x00012284      0x164 zephyr/drivers/serial/libdrivers__serial.a(uart_nrfx_uarte.c.obj)
 .text.uarte_nrfx_poll_out
                0x000123e8       0xc4 zephyr/drivers/serial/libdrivers__serial.a(uart_nrfx_uarte.c.obj)
 .text.uarte_0_init
                0x000124ac      0x16c zephyr/drivers/serial/libdrivers__serial.a(uart_nrfx_uarte.c.obj)
 .text.sys_clock_timeout_handler
                0x00012618       0x78 zephyr/drivers/timer/libdrivers__timer.a(nrf_rtc_timer.c.obj)
 .text.compare_int_lock
                0x00012690       0x44 zephyr/drivers/timer/libdrivers__timer.a(nrf_rtc_timer.c.obj)
 .text.compare_int_unlock.part.0
                0x000126d4       0x4c zephyr/drivers/timer/libdrivers__timer.a(nrf_rtc_timer.c.obj)
 .text.z_nrf_rtc_timer_read
                0x00012720       0x44 zephyr/drivers/timer/libdrivers__timer.a(nrf_rtc_timer.c.obj)
                0x00012720                z_nrf_rtc_timer_read
 .text.compare_set
                0x00012764      0x140 zephyr/drivers/timer/libdrivers__timer.a(nrf_rtc_timer.c.obj)
 .text.sys_clock_driver_init
                0x000128a4       0x84 zephyr/drivers/timer/libdrivers__timer.a(nrf_rtc_timer.c.obj)
 .text.rtc_nrf_isr
                0x00012928       0xe8 zephyr/drivers/timer/libdrivers__timer.a(nrf_rtc_timer.c.obj)
                0x00012928                rtc_nrf_isr
 .text.sys_clock_set_timeout
                0x00012a10       0x60 zephyr/drivers/timer/libdrivers__timer.a(nrf_rtc_timer.c.obj)
                0x00012a10                sys_clock_set_timeout
 .text.sys_clock_elapsed
                0x00012a70       0x14 zephyr/drivers/timer/libdrivers__timer.a(nrf_rtc_timer.c.obj)
                0x00012a70                sys_clock_elapsed
 .text._nrf_modem_lib_init
                0x00012a84       0x7c modules/nrf/lib/nrf_modem_lib/lib..__nrf__lib__nrf_modem_lib.a(nrf_modem_lib.c.obj)
 .text.thread_monitor_entry_get
                0x00012b00       0x40 modules/nrf/lib/nrf_modem_lib/lib..__nrf__lib__nrf_modem_lib.a(nrf_modem_os.c.obj)
 .text.rpc_proxy_irq_handler
                0x00012b40       0x50 modules/nrf/lib/nrf_modem_lib/lib..__nrf__lib__nrf_modem_lib.a(nrf_modem_os.c.obj)
                0x00012b40                rpc_proxy_irq_handler
 .text.nrf_modem_os_timedwait
                0x00012b90      0x170 modules/nrf/lib/nrf_modem_lib/lib..__nrf__lib__nrf_modem_lib.a(nrf_modem_os.c.obj)
                0x00012b90                nrf_modem_os_timedwait
 .text.nrf_modem_os_sem_init
                0x00012d00       0x34 modules/nrf/lib/nrf_modem_lib/lib..__nrf__lib__nrf_modem_lib.a(nrf_modem_os.c.obj)
                0x00012d00                nrf_modem_os_sem_init
 .text.nrf_modem_os_application_irq_set
                0x00012d34       0x10 modules/nrf/lib/nrf_modem_lib/lib..__nrf__lib__nrf_modem_lib.a(nrf_modem_os.c.obj)
                0x00012d34                nrf_modem_os_application_irq_set
 .text.nrf_modem_os_application_irq_clear
                0x00012d44       0x10 modules/nrf/lib/nrf_modem_lib/lib..__nrf__lib__nrf_modem_lib.a(nrf_modem_os.c.obj)
                0x00012d44                nrf_modem_os_application_irq_clear
 .text.nrf_modem_os_trace_irq_set
                0x00012d54       0x10 modules/nrf/lib/nrf_modem_lib/lib..__nrf__lib__nrf_modem_lib.a(nrf_modem_os.c.obj)
                0x00012d54                nrf_modem_os_trace_irq_set
 .text.nrf_modem_os_trace_irq_clear
                0x00012d64       0x10 modules/nrf/lib/nrf_modem_lib/lib..__nrf__lib__nrf_modem_lib.a(nrf_modem_os.c.obj)
                0x00012d64                nrf_modem_os_trace_irq_clear
 .text.nrf_modem_os_alloc
                0x00012d74       0x10 modules/nrf/lib/nrf_modem_lib/lib..__nrf__lib__nrf_modem_lib.a(nrf_modem_os.c.obj)
                0x00012d74                nrf_modem_os_alloc
 .text.nrf_modem_os_free
                0x00012d84        0xc modules/nrf/lib/nrf_modem_lib/lib..__nrf__lib__nrf_modem_lib.a(nrf_modem_os.c.obj)
                0x00012d84                nrf_modem_os_free
 .text.nrf_modem_os_shm_tx_alloc
                0x00012d90       0x10 modules/nrf/lib/nrf_modem_lib/lib..__nrf__lib__nrf_modem_lib.a(nrf_modem_os.c.obj)
                0x00012d90                nrf_modem_os_shm_tx_alloc
 .text.nrf_modem_os_shm_tx_free
                0x00012da0        0xc modules/nrf/lib/nrf_modem_lib/lib..__nrf__lib__nrf_modem_lib.a(nrf_modem_os.c.obj)
                0x00012da0                nrf_modem_os_shm_tx_free
 .text.nrf_modem_os_init
                0x00012dac       0x58 modules/nrf/lib/nrf_modem_lib/lib..__nrf__lib__nrf_modem_lib.a(nrf_modem_os.c.obj)
                0x00012dac                nrf_modem_os_init
 .text.check_ext_api_requests
                0x00012e04       0x9c modules/nrf/subsys/fw_info/lib..__nrf__subsys__fw_info.a(fw_info.c.obj)
 .text.SystemInit
                0x00012ea0       0x10 modules/hal_nordic/nrfx/libmodules__hal_nordic__nrfx.a(system_nrf9160.c.obj)
                0x00012ea0                SystemInit
 .text.nrfx_flag32_alloc
                0x00012eb0       0x40 modules/hal_nordic/nrfx/libmodules__hal_nordic__nrfx.a(nrfx_flag32_allocator.c.obj)
                0x00012eb0                nrfx_flag32_alloc
 .text.nrfx_flag32_free
                0x00012ef0       0x3c modules/hal_nordic/nrfx/libmodules__hal_nordic__nrfx.a(nrfx_flag32_allocator.c.obj)
                0x00012ef0                nrfx_flag32_free
 .text.nrfx_clock_init
                0x00012f2c       0x20 modules/hal_nordic/nrfx/libmodules__hal_nordic__nrfx.a(nrfx_clock.c.obj)
                0x00012f2c                nrfx_clock_init
 .text.nrfx_clock_start
                0x00012f4c       0x64 modules/hal_nordic/nrfx/libmodules__hal_nordic__nrfx.a(nrfx_clock.c.obj)
                0x00012f4c                nrfx_clock_start
 .text.nrfx_clock_stop
                0x00012fb0       0x80 modules/hal_nordic/nrfx/libmodules__hal_nordic__nrfx.a(nrfx_clock.c.obj)
                0x00012fb0                nrfx_clock_stop
 .text.nrfx_power_clock_irq_handler
                0x00013030       0x68 modules/hal_nordic/nrfx/libmodules__hal_nordic__nrfx.a(nrfx_clock.c.obj)
                0x00013030                nrfx_power_clock_irq_handler
 .text.nrfx_dppi_channel_alloc
                0x00013098        0xc modules/hal_nordic/nrfx/libmodules__hal_nordic__nrfx.a(nrfx_dppi.c.obj)
                0x00013098                nrfx_dppi_channel_alloc
 .text.call_handler
                0x000130a4       0x3c modules/hal_nordic/nrfx/libmodules__hal_nordic__nrfx.a(nrfx_gpiote.c.obj)
 .text.release_handler
                0x000130e0       0x54 modules/hal_nordic/nrfx/libmodules__hal_nordic__nrfx.a(nrfx_gpiote.c.obj)
 .text.pin_handler_trigger_uninit
                0x00013134       0x38 modules/hal_nordic/nrfx/libmodules__hal_nordic__nrfx.a(nrfx_gpiote.c.obj)
 .text.nrf_gpio_cfg_sense_set
                0x0001316c       0x20 modules/hal_nordic/nrfx/libmodules__hal_nordic__nrfx.a(nrfx_gpiote.c.obj)
 .text.nrfx_gpiote_input_configure
                0x0001318c      0x14c modules/hal_nordic/nrfx/libmodules__hal_nordic__nrfx.a(nrfx_gpiote.c.obj)
                0x0001318c                nrfx_gpiote_input_configure
 .text.nrfx_gpiote_output_configure
                0x000132d8      0x128 modules/hal_nordic/nrfx/libmodules__hal_nordic__nrfx.a(nrfx_gpiote.c.obj)
                0x000132d8                nrfx_gpiote_output_configure
 .text.nrfx_gpiote_global_callback_set
                0x00013400        0xc modules/hal_nordic/nrfx/libmodules__hal_nordic__nrfx.a(nrfx_gpiote.c.obj)
                0x00013400                nrfx_gpiote_global_callback_set
 .text.nrfx_gpiote_channel_get
                0x0001340c       0x24 modules/hal_nordic/nrfx/libmodules__hal_nordic__nrfx.a(nrfx_gpiote.c.obj)
                0x0001340c                nrfx_gpiote_channel_get
 .text.nrfx_gpiote_init
                0x00013430       0x50 modules/hal_nordic/nrfx/libmodules__hal_nordic__nrfx.a(nrfx_gpiote.c.obj)
                0x00013430                nrfx_gpiote_init
 .text.nrfx_gpiote_is_init
                0x00013480       0x14 modules/hal_nordic/nrfx/libmodules__hal_nordic__nrfx.a(nrfx_gpiote.c.obj)
                0x00013480                nrfx_gpiote_is_init
 .text.nrfx_gpiote_channel_free
                0x00013494        0xc modules/hal_nordic/nrfx/libmodules__hal_nordic__nrfx.a(nrfx_gpiote.c.obj)
                0x00013494                nrfx_gpiote_channel_free
 .text.nrfx_gpiote_channel_alloc
                0x000134a0        0xc modules/hal_nordic/nrfx/libmodules__hal_nordic__nrfx.a(nrfx_gpiote.c.obj)
                0x000134a0                nrfx_gpiote_channel_alloc
 .text.nrfx_gpiote_trigger_enable
                0x000134ac       0x80 modules/hal_nordic/nrfx/libmodules__hal_nordic__nrfx.a(nrfx_gpiote.c.obj)
                0x000134ac                nrfx_gpiote_trigger_enable
 .text.nrfx_gpiote_trigger_disable
                0x0001352c       0x44 modules/hal_nordic/nrfx/libmodules__hal_nordic__nrfx.a(nrfx_gpiote.c.obj)
                0x0001352c                nrfx_gpiote_trigger_disable
 .text.nrfx_gpiote_pin_uninit
                0x00013570       0x44 modules/hal_nordic/nrfx/libmodules__hal_nordic__nrfx.a(nrfx_gpiote.c.obj)
                0x00013570                nrfx_gpiote_pin_uninit
 .text.nrfx_gpiote_irq_handler
                0x000135b4      0x150 modules/hal_nordic/nrfx/libmodules__hal_nordic__nrfx.a(nrfx_gpiote.c.obj)
                0x000135b4                nrfx_gpiote_irq_handler
 .text.nrfx_ipc_init
                0x00013704       0x30 modules/hal_nordic/nrfx/libmodules__hal_nordic__nrfx.a(nrfx_ipc.c.obj)
                0x00013704                nrfx_ipc_init
 .text.nrfx_ipc_config_load
                0x00013734       0x40 modules/hal_nordic/nrfx/libmodules__hal_nordic__nrfx.a(nrfx_ipc.c.obj)
                0x00013734                nrfx_ipc_config_load
 .text.nrfx_ipc_uninit
                0x00013774       0x60 modules/hal_nordic/nrfx/libmodules__hal_nordic__nrfx.a(nrfx_ipc.c.obj)
                0x00013774                nrfx_ipc_uninit
 .text.nrfx_ipc_irq_handler
                0x000137d4       0x40 modules/hal_nordic/nrfx/libmodules__hal_nordic__nrfx.a(nrfx_ipc.c.obj)
                0x000137d4                nrfx_ipc_irq_handler
 .text.rpc_handle_data_message
                0x00013814       0x44 D:/SDK/ncs_v1.9.1/v1.9.1/nrfxlib/nrf_modem/lib/cortex-m33/soft-float/libmodem.a(rpc_framework.c.obj)
                0x00013814                rpc_handle_data_message
 .text.trace_write
                0x00013858      0x164 D:/SDK/ncs_v1.9.1/v1.9.1/nrfxlib/nrf_modem/lib/cortex-m33/soft-float/libmodem.a(ipc_trace.c.obj)
 .text.ipc_trace_init
                0x000139bc       0x38 D:/SDK/ncs_v1.9.1/v1.9.1/nrfxlib/nrf_modem/lib/cortex-m33/soft-float/libmodem.a(ipc_trace.c.obj)
                0x000139bc                ipc_trace_init
 .text.nrf_modem_trace_irq_handler
                0x000139f4       0x54 D:/SDK/ncs_v1.9.1/v1.9.1/nrfxlib/nrf_modem/lib/cortex-m33/soft-float/libmodem.a(ipc_trace.c.obj)
                0x000139f4                nrf_modem_trace_irq_handler
 .text.ipc_trace_handle
                0x00013a48      0x128 D:/SDK/ncs_v1.9.1/v1.9.1/nrfxlib/nrf_modem/lib/cortex-m33/soft-float/libmodem.a(ipc_trace.c.obj)
                0x00013a48                ipc_trace_handle
 .text.rpc_trace_coredump_in_progress
                0x00013b70        0xc D:/SDK/ncs_v1.9.1/v1.9.1/nrfxlib/nrf_modem/lib/cortex-m33/soft-float/libmodem.a(ipc_trace.c.obj)
                0x00013b70                rpc_trace_coredump_in_progress
 .text.handle_modem_rpc_msg
                0x00013b7c       0x84 D:/SDK/ncs_v1.9.1/v1.9.1/nrfxlib/nrf_modem/lib/cortex-m33/soft-float/libmodem.a(rpc_transport_ipc.c.obj)
 .text.rpc_transport_ipc_msg_alloc
                0x00013c00       0x60 D:/SDK/ncs_v1.9.1/v1.9.1/nrfxlib/nrf_modem/lib/cortex-m33/soft-float/libmodem.a(rpc_transport_ipc.c.obj)
 .text.rpc_transport_ipc_data_msg_send
                0x00013c60       0x3c D:/SDK/ncs_v1.9.1/v1.9.1/nrfxlib/nrf_modem/lib/cortex-m33/soft-float/libmodem.a(rpc_transport_ipc.c.obj)
                0x00013c60                rpc_transport_ipc_data_msg_send
 .text.rpc_transport_ipc_ctrl_msg_send
                0x00013c9c       0x3c D:/SDK/ncs_v1.9.1/v1.9.1/nrfxlib/nrf_modem/lib/cortex-m33/soft-float/libmodem.a(rpc_transport_ipc.c.obj)
                0x00013c9c                rpc_transport_ipc_ctrl_msg_send
 .text.rpc_transport_ipc_data_msg_alloc
                0x00013cd8       0x24 D:/SDK/ncs_v1.9.1/v1.9.1/nrfxlib/nrf_modem/lib/cortex-m33/soft-float/libmodem.a(rpc_transport_ipc.c.obj)
                0x00013cd8                rpc_transport_ipc_data_msg_alloc
 .text.rpc_transport_ipc_ctrl_msg_alloc
                0x00013cfc       0x40 D:/SDK/ncs_v1.9.1/v1.9.1/nrfxlib/nrf_modem/lib/cortex-m33/soft-float/libmodem.a(rpc_transport_ipc.c.obj)
                0x00013cfc                rpc_transport_ipc_ctrl_msg_alloc
 .text.rpc_transport_ipc_data_alloc
                0x00013d3c       0x14 D:/SDK/ncs_v1.9.1/v1.9.1/nrfxlib/nrf_modem/lib/cortex-m33/soft-float/libmodem.a(rpc_transport_ipc.c.obj)
                0x00013d3c                rpc_transport_ipc_data_alloc
 .text.nrf_modem_application_irq_handler
                0x00013d50       0x20 D:/SDK/ncs_v1.9.1/v1.9.1/nrfxlib/nrf_modem/lib/cortex-m33/soft-float/libmodem.a(rpc_transport_ipc.c.obj)
                0x00013d50                nrf_modem_application_irq_handler
 .text.rpc_transport_ipc_msg_free
                0x00013d70       0x4c D:/SDK/ncs_v1.9.1/v1.9.1/nrfxlib/nrf_modem/lib/cortex-m33/soft-float/libmodem.a(rpc_transport_ipc.c.obj)
                0x00013d70                rpc_transport_ipc_msg_free
 .text.rpc_transport_ipc_init
                0x00013dbc      0x178 D:/SDK/ncs_v1.9.1/v1.9.1/nrfxlib/nrf_modem/lib/cortex-m33/soft-float/libmodem.a(rpc_transport_ipc.c.obj)
                0x00013dbc                rpc_transport_ipc_init
 .text.ipc_irq_handler
                0x00013f34      0x130 D:/SDK/ncs_v1.9.1/v1.9.1/nrfxlib/nrf_modem/lib/cortex-m33/soft-float/libmodem.a(rpc_transport_ipc.c.obj)
                0x00013f34                ipc_irq_handler
 .text.interface_init
                0x00014064       0x18 D:/SDK/ncs_v1.9.1/v1.9.1/nrfxlib/nrf_modem/lib/cortex-m33/soft-float/libmodem.a(interface.c.obj)
                0x00014064                interface_init
 .text.interface_socket_wait
                0x0001407c       0x4c D:/SDK/ncs_v1.9.1/v1.9.1/nrfxlib/nrf_modem/lib/cortex-m33/soft-float/libmodem.a(interface.c.obj)
                0x0001407c                interface_socket_wait
 .text.interface_sockets_aux_state_set
                0x000140c8       0x3c D:/SDK/ncs_v1.9.1/v1.9.1/nrfxlib/nrf_modem/lib/cortex-m33/soft-float/libmodem.a(interface.c.obj)
                0x000140c8                interface_sockets_aux_state_set
 .text.interface_sockets_aux_state_clear
                0x00014104       0x3c D:/SDK/ncs_v1.9.1/v1.9.1/nrfxlib/nrf_modem/lib/cortex-m33/soft-float/libmodem.a(interface.c.obj)
                0x00014104                interface_sockets_aux_state_clear
 .text.interface_from_internal_id_search
                0x00014140       0x30 D:/SDK/ncs_v1.9.1/v1.9.1/nrfxlib/nrf_modem/lib/cortex-m33/soft-float/libmodem.a(interface.c.obj)
                0x00014140                interface_from_internal_id_search
 .text.interface_socket_from_handle_get
                0x00014170       0x20 D:/SDK/ncs_v1.9.1/v1.9.1/nrfxlib/nrf_modem/lib/cortex-m33/soft-float/libmodem.a(interface.c.obj)
                0x00014170                interface_socket_from_handle_get
 .text.rpc_error_to_nrf_errno
                0x00014190       0x10 D:/SDK/ncs_v1.9.1/v1.9.1/nrfxlib/nrf_modem/lib/cortex-m33/soft-float/libmodem.a(ip_interface.c.obj)
                0x00014190                rpc_error_to_nrf_errno
 .text.rpc_error_to_nrf_gai_errno
                0x000141a0       0x40 D:/SDK/ncs_v1.9.1/v1.9.1/nrfxlib/nrf_modem/lib/cortex-m33/soft-float/libmodem.a(ip_interface.c.obj)
                0x000141a0                rpc_error_to_nrf_gai_errno
 .text.ip_interface_init
                0x000141e0       0x30 D:/SDK/ncs_v1.9.1/v1.9.1/nrfxlib/nrf_modem/lib/cortex-m33/soft-float/libmodem.a(ip_interface.c.obj)
                0x000141e0                ip_interface_init
 .text.rpc_ip_event_handler
                0x00014210      0x4d4 D:/SDK/ncs_v1.9.1/v1.9.1/nrfxlib/nrf_modem/lib/cortex-m33/soft-float/libmodem.a(ip_interface.c.obj)
                0x00014210                rpc_ip_event_handler
 .text.hostname_free
                0x000146e4       0x24 D:/SDK/ncs_v1.9.1/v1.9.1/nrfxlib/nrf_modem/lib/cortex-m33/soft-float/libmodem.a(tls_interface.c.obj)
 .text.secure_socket_attach_initiate
                0x00014708       0xa4 D:/SDK/ncs_v1.9.1/v1.9.1/nrfxlib/nrf_modem/lib/cortex-m33/soft-float/libmodem.a(tls_interface.c.obj)
 .text.tls_interface_init
                0x000147ac       0x10 D:/SDK/ncs_v1.9.1/v1.9.1/nrfxlib/nrf_modem/lib/cortex-m33/soft-float/libmodem.a(tls_interface.c.obj)
                0x000147ac                tls_interface_init
 .text.tls_rpc_ip_event_handler
                0x000147bc       0xec D:/SDK/ncs_v1.9.1/v1.9.1/nrfxlib/nrf_modem/lib/cortex-m33/soft-float/libmodem.a(tls_interface.c.obj)
                0x000147bc                tls_rpc_ip_event_handler
 .text.at_cmd_send
                0x000148a8       0x48 D:/SDK/ncs_v1.9.1/v1.9.1/nrfxlib/nrf_modem/lib/cortex-m33/soft-float/libmodem.a(nrf_modem_at.c.obj)
 .text.nrf_modem_at_init
                0x000148f0       0x2c D:/SDK/ncs_v1.9.1/v1.9.1/nrfxlib/nrf_modem/lib/cortex-m33/soft-float/libmodem.a(nrf_modem_at.c.obj)
                0x000148f0                nrf_modem_at_init
 .text.rpc_at_event_handler
                0x0001491c       0x6c D:/SDK/ncs_v1.9.1/v1.9.1/nrfxlib/nrf_modem/lib/cortex-m33/soft-float/libmodem.a(nrf_modem_at.c.obj)
                0x0001491c                rpc_at_event_handler
 .text.rpc_dfu_event_handler
                0x00014988       0x30 D:/SDK/ncs_v1.9.1/v1.9.1/nrfxlib/nrf_modem/lib/cortex-m33/soft-float/libmodem.a(nrf_modem_delta_dfu.c.obj)
                0x00014988                rpc_dfu_event_handler
 .text.rpc_gnss_event_handler
                0x000149b8      0x1bc D:/SDK/ncs_v1.9.1/v1.9.1/nrfxlib/nrf_modem/lib/cortex-m33/soft-float/libmodem.a(nrf_modem_gnss.c.obj)
                0x000149b8                rpc_gnss_event_handler
 .text.full_dfu_ipc_irq_handler
                0x00014b74       0x18 D:/SDK/ncs_v1.9.1/v1.9.1/nrfxlib/nrf_modem/lib/cortex-m33/soft-float/libmodem.a(full_dfu_interface.c.obj)
                0x00014b74                full_dfu_ipc_irq_handler
 .text.modem_ipc_wait_for_event
                0x00014b8c       0x40 D:/SDK/ncs_v1.9.1/v1.9.1/nrfxlib/nrf_modem/lib/cortex-m33/soft-float/libmodem.a(full_dfu_interface.c.obj)
                0x00014b8c                modem_ipc_wait_for_event
 .text.nrf_modem_full_dfu_setup
                0x00014bcc       0xd4 D:/SDK/ncs_v1.9.1/v1.9.1/nrfxlib/nrf_modem/lib/cortex-m33/soft-float/libmodem.a(full_dfu_interface.c.obj)
                0x00014bcc                nrf_modem_full_dfu_setup
 .text.modem_off
                0x00014ca0       0x28 D:/SDK/ncs_v1.9.1/v1.9.1/nrfxlib/nrf_modem/lib/cortex-m33/soft-float/libmodem.a(nrf_modem.c.obj)
 .text.nrf_modem_init
                0x00014cc8       0x64 D:/SDK/ncs_v1.9.1/v1.9.1/nrfxlib/nrf_modem/lib/cortex-m33/soft-float/libmodem.a(nrf_modem.c.obj)
                0x00014cc8                nrf_modem_init
 .text.z_sys_init_run_level
                0x00014d2c       0x40 zephyr/kernel/libkernel.a(device.c.obj)
                0x00014d2c                z_sys_init_run_level
 .text.z_impl_device_get_binding
                0x00014d6c       0x58 zephyr/kernel/libkernel.a(device.c.obj)
                0x00014d6c                z_impl_device_get_binding
 .text.init_idle_thread
                0x00014dc4       0x54 zephyr/kernel/libkernel.a(init.c.obj)
 .text.bg_thread_main
                0x00014e18       0x34 zephyr/kernel/libkernel.a(init.c.obj)
 .text.z_bss_zero
                0x00014e4c       0x14 zephyr/kernel/libkernel.a(init.c.obj)
                0x00014e4c                z_bss_zero
 .text.z_cstart
                0x00014e60       0xe4 zephyr/kernel/libkernel.a(init.c.obj)
                0x00014e60                z_cstart
 .text.statics_init
                0x00014f44       0x24 zephyr/kernel/libkernel.a(kheap.c.obj)
 .text.z_setup_new_thread
                0x00014f68       0x60 zephyr/kernel/libkernel.a(thread.c.obj)
                0x00014f68                z_setup_new_thread
 .text.z_init_static_threads
                0x00014fc8       0xbc zephyr/kernel/libkernel.a(thread.c.obj)
                0x00014fc8                z_init_static_threads
 .text.idle     0x00015084       0x2c zephyr/kernel/libkernel.a(idle.c.obj)
                0x00015084                idle
 .text.z_impl_k_mutex_lock
                0x000150b0       0xfc zephyr/kernel/libkernel.a(mutex.c.obj)
                0x000150b0                z_impl_k_mutex_lock
 .text.z_impl_k_mutex_unlock
                0x000151ac       0x8c zephyr/kernel/libkernel.a(mutex.c.obj)
                0x000151ac                z_impl_k_mutex_unlock
 .text.z_impl_k_sem_give
                0x00015238       0x40 zephyr/kernel/libkernel.a(sem.c.obj)
                0x00015238                z_impl_k_sem_give
 .text.z_impl_k_sem_take
                0x00015278       0x54 zephyr/kernel/libkernel.a(sem.c.obj)
                0x00015278                z_impl_k_sem_take
 .text.z_reset_time_slice
                0x000152cc       0x2c zephyr/kernel/libkernel.a(sched.c.obj)
                0x000152cc                z_reset_time_slice
 .text.k_sched_time_slice_set
                0x000152f8       0x64 zephyr/kernel/libkernel.a(sched.c.obj)
                0x000152f8                k_sched_time_slice_set
 .text.z_reschedule
                0x0001535c       0x24 zephyr/kernel/libkernel.a(sched.c.obj)
                0x0001535c                z_reschedule
 .text.k_sched_lock
                0x00015380       0x28 zephyr/kernel/libkernel.a(sched.c.obj)
                0x00015380                k_sched_lock
 .text.update_cache
                0x000153a8       0x40 zephyr/kernel/libkernel.a(sched.c.obj)
 .text.move_thread_to_end_of_prio_q
                0x000153e8       0x7c zephyr/kernel/libkernel.a(sched.c.obj)
 .text.z_time_slice
                0x00015464       0x84 zephyr/kernel/libkernel.a(sched.c.obj)
                0x00015464                z_time_slice
 .text.ready_thread
                0x000154e8       0x70 zephyr/kernel/libkernel.a(sched.c.obj)
 .text.z_sched_start
                0x00015558       0x3c zephyr/kernel/libkernel.a(sched.c.obj)
                0x00015558                z_sched_start
 .text.unready_thread
                0x00015594       0x30 zephyr/kernel/libkernel.a(sched.c.obj)
 .text.pend     0x000155c4       0x4c zephyr/kernel/libkernel.a(sched.c.obj)
 .text.z_pend_curr
                0x00015610       0x28 zephyr/kernel/libkernel.a(sched.c.obj)
                0x00015610                z_pend_curr
 .text.z_set_prio
                0x00015638       0x98 zephyr/kernel/libkernel.a(sched.c.obj)
                0x00015638                z_set_prio
 .text.z_impl_k_thread_suspend
                0x000156d0       0x64 zephyr/kernel/libkernel.a(sched.c.obj)
                0x000156d0                z_impl_k_thread_suspend
 .text.k_sched_unlock
                0x00015734       0x38 zephyr/kernel/libkernel.a(sched.c.obj)
                0x00015734                k_sched_unlock
 .text.z_sched_init
                0x0001576c       0x18 zephyr/kernel/libkernel.a(sched.c.obj)
                0x0001576c                z_sched_init
 .text.z_impl_k_yield
                0x00015784       0x84 zephyr/kernel/libkernel.a(sched.c.obj)
                0x00015784                z_impl_k_yield
 .text.z_tick_sleep
                0x00015808       0x98 zephyr/kernel/libkernel.a(sched.c.obj)
 .text.z_impl_k_sleep
                0x000158a0       0x34 zephyr/kernel/libkernel.a(sched.c.obj)
                0x000158a0                z_impl_k_sleep
 .text.z_impl_z_current_get
                0x000158d4        0xc zephyr/kernel/libkernel.a(sched.c.obj)
                0x000158d4                z_impl_z_current_get
 .text.z_thread_abort
                0x000158e0       0xa4 zephyr/kernel/libkernel.a(sched.c.obj)
                0x000158e0                z_thread_abort
 .text.z_data_copy
                0x00015984       0x34 zephyr/kernel/libkernel.a(xip.c.obj)
                0x00015984                z_data_copy
 .text.elapsed  0x000159b8       0x14 zephyr/kernel/libkernel.a(timeout.c.obj)
 .text.remove_timeout
                0x000159cc       0x34 zephyr/kernel/libkernel.a(timeout.c.obj)
 .text.next_timeout
                0x00015a00       0x58 zephyr/kernel/libkernel.a(timeout.c.obj)
 .text.z_add_timeout
                0x00015a58      0x110 zephyr/kernel/libkernel.a(timeout.c.obj)
                0x00015a58                z_add_timeout
 .text.sys_clock_announce
                0x00015b68       0xd4 zephyr/kernel/libkernel.a(timeout.c.obj)
                0x00015b68                sys_clock_announce
 .text.sys_clock_tick_get
                0x00015c3c       0x34 zephyr/kernel/libkernel.a(timeout.c.obj)
                0x00015c3c                sys_clock_tick_get
 .text.z_timer_expiration_handler
                0x00015c70       0x88 zephyr/kernel/libkernel.a(timer.c.obj)
                0x00015c70                z_timer_expiration_handler
 .text.z_impl_k_timer_start
                0x00015cf8       0xc0 zephyr/kernel/libkernel.a(timer.c.obj)
                0x00015cf8                z_impl_k_timer_start
 .text.boot_banner
                0x00015db8       0x18 zephyr/kernel/libkernel.a(banner.c.obj)
                0x00015db8                boot_banner
 .text.z_impl_gpio_pin_configure
                0x00015dd0       0x34 app/libapp.a(button_handler.c.obj)
 .text.gpio_pin_get
                0x00015e04       0x28 app/libapp.a(button_handler.c.obj)
 .text.gpio_pin_interrupt_configure_dt.constprop.0
                0x00015e2c       0x1a app/libapp.a(button_handler.c.obj)
 .text.sys_notify_validate
                0x00015e46       0x22 zephyr/libzephyr.a(notify.c.obj)
                0x00015e46                sys_notify_validate
 .text.sys_notify_finalize
                0x00015e68       0x1a zephyr/libzephyr.a(notify.c.obj)
                0x00015e68                sys_notify_finalize
 .text.arch_printk_char_out
                0x00015e82        0x4 zephyr/libzephyr.a(printk.c.obj)
                0x00015e82                arch_printk_char_out
 .text.printk   0x00015e86       0x1a zephyr/libzephyr.a(printk.c.obj)
                0x00015e86                printk
 .text.process_recheck
                0x00015ea0       0x38 zephyr/libzephyr.a(onoff.c.obj)
 .text.notify_one
                0x00015ed8       0x2c zephyr/libzephyr.a(onoff.c.obj)
 .text.transition_complete
                0x00015f04       0x1c zephyr/libzephyr.a(onoff.c.obj)
 .text.validate_args
                0x00015f20       0x1e zephyr/libzephyr.a(onoff.c.obj)
 .text.onoff_manager_init
                0x00015f3e       0x26 zephyr/libzephyr.a(onoff.c.obj)
                0x00015f3e                onoff_manager_init
 .text.onoff_request
                0x00015f64       0x92 zephyr/libzephyr.a(onoff.c.obj)
                0x00015f64                onoff_request
 .text.z_thread_entry
                0x00015ff6       0x14 zephyr/libzephyr.a(thread_entry.c.obj)
                0x00015ff6                z_thread_entry
 .text.chunk_size
                0x0001600a        0xa zephyr/libzephyr.a(heap.c.obj)
 .text.free_list_add
                0x00016014       0x4e zephyr/libzephyr.a(heap.c.obj)
 .text.free_list_remove_bidx
                0x00016062       0x3a zephyr/libzephyr.a(heap.c.obj)
 .text.free_list_remove
                0x0001609c       0x1a zephyr/libzephyr.a(heap.c.obj)
 .text.alloc_chunk
                0x000160b6       0x6c zephyr/libzephyr.a(heap.c.obj)
 .text.merge_chunks
                0x00016122       0x2e zephyr/libzephyr.a(heap.c.obj)
 .text.split_chunks
                0x00016150       0x34 zephyr/libzephyr.a(heap.c.obj)
 .text.free_chunk
                0x00016184       0x62 zephyr/libzephyr.a(heap.c.obj)
 .text.sys_heap_free
                0x000161e6       0x1e zephyr/libzephyr.a(heap.c.obj)
                0x000161e6                sys_heap_free
 .text.sys_heap_alloc
                0x00016204       0x54 zephyr/libzephyr.a(heap.c.obj)
                0x00016204                sys_heap_alloc
 .text.sys_heap_aligned_alloc
                0x00016258       0xd0 zephyr/libzephyr.a(heap.c.obj)
                0x00016258                sys_heap_aligned_alloc
 .text.sys_heap_init
                0x00016328       0x6c zephyr/libzephyr.a(heap.c.obj)
                0x00016328                sys_heap_init
 .text.encode_uint
                0x00016394       0x96 zephyr/libzephyr.a(cbprintf_complete.c.obj)
 .text.outs     0x0001642a       0x2c zephyr/libzephyr.a(cbprintf_complete.c.obj)
 .text._ConfigAbsSyms
                0x00016456        0x2 zephyr/libzephyr.a(configs.c.obj)
                0x00016456                _ConfigAbsSyms
 .text.pm_power_state_set
                0x00016458       0x26 zephyr/libzephyr.a(power.c.obj)
                0x00016458                pm_power_state_set
 .text.pm_power_state_exit_post_ops
                0x0001647e       0x16 zephyr/libzephyr.a(power.c.obj)
                0x0001647e                pm_power_state_exit_post_ops
 .text.pm_policy_next_state
                0x00016494        0xa zephyr/libzephyr.a(residency.c.obj)
                0x00016494                pm_policy_next_state
 .text.spm_request_random_number
                0x0001649e       0x18 zephyr/libzephyr.a(secure_services_ns.c.obj)
                0x0001649e                spm_request_random_number
 .text.z_arm_fatal_error
                0x000164b6        0x4 zephyr/arch/arch/arm/core/aarch32/libarch__arm__core__aarch32.a(fatal.c.obj)
                0x000164b6                z_arm_fatal_error
 .text.z_do_kernel_oops
                0x000164ba        0x8 zephyr/arch/arch/arm/core/aarch32/libarch__arm__core__aarch32.a(fatal.c.obj)
                0x000164ba                z_do_kernel_oops
 .text.z_irq_spurious
                0x000164c2        0x8 zephyr/arch/arch/arm/core/aarch32/libarch__arm__core__aarch32.a(irq_manage.c.obj)
                0x000164c2                z_irq_spurious
 .text.z_arm_nmi
                0x000164ca        0xe zephyr/arch/arch/arm/core/aarch32/libarch__arm__core__aarch32.a(nmi.c.obj)
                0x000164ca                z_arm_nmi
 .text.configure_builtin_stack_guard
                0x000164d8        0x8 zephyr/arch/arch/arm/core/aarch32/libarch__arm__core__aarch32.a(thread.c.obj)
                0x000164d8                configure_builtin_stack_guard
 .text.z_arm_save_fp_context
                0x000164e0        0x2 zephyr/arch/arch/arm/core/aarch32/cortex_m/libarch__arm__core__aarch32__cortex_m.a(fpu.c.obj)
                0x000164e0                z_arm_save_fp_context
 .text.z_arm_restore_fp_context
                0x000164e2        0x2 zephyr/arch/arch/arm/core/aarch32/cortex_m/libarch__arm__core__aarch32__cortex_m.a(fpu.c.obj)
                0x000164e2                z_arm_restore_fp_context
 .text.arm_cmse_mpu_region_get
                0x000164e4       0x12 zephyr/arch/arch/arm/core/aarch32/cortex_m/cmse/libarch__arm__core__aarch32__cortex_m__cmse.a(arm_core_cmse.c.obj)
                0x000164e4                arm_cmse_mpu_region_get
 .text.mpu_configure_region
                0x000164f6       0x3a zephyr/arch/arch/arm/core/aarch32/mpu/libarch__arm__core__aarch32__mpu.a(arm_mpu.c.obj)
 .text.strlen   0x00016530        0xe zephyr/lib/libc/minimal/liblib__libc__minimal.a(string.c.obj)
                0x00016530                strlen
 .text.strnlen  0x0001653e       0x12 zephyr/lib/libc/minimal/liblib__libc__minimal.a(string.c.obj)
                0x0001653e                strnlen
 .text.strcmp   0x00016550       0x18 zephyr/lib/libc/minimal/liblib__libc__minimal.a(string.c.obj)
                0x00016550                strcmp
 .text.memcmp   0x00016568       0x20 zephyr/lib/libc/minimal/liblib__libc__minimal.a(string.c.obj)
                0x00016568                memcmp
 .text.memcpy   0x00016588       0x16 zephyr/lib/libc/minimal/liblib__libc__minimal.a(string.c.obj)
                0x00016588                memcpy
 .text.memset   0x0001659e       0x12 zephyr/lib/libc/minimal/liblib__libc__minimal.a(string.c.obj)
                0x0001659e                memset
 .text._stdout_hook_default
                0x000165b0        0x6 zephyr/lib/libc/minimal/liblib__libc__minimal.a(stdout_console.c.obj)
 .text.get_status
                0x000165b6       0x12 zephyr/drivers/clock_control/libdrivers__clock_control.a(clock_control_nrf.c.obj)
 .text.set_off_state
                0x000165c8       0x32 zephyr/drivers/clock_control/libdrivers__clock_control.a(clock_control_nrf.c.obj)
 .text.set_starting_state
                0x000165fa       0x3c zephyr/drivers/clock_control/libdrivers__clock_control.a(clock_control_nrf.c.obj)
 .text.set_on_state
                0x00016636       0x26 zephyr/drivers/clock_control/libdrivers__clock_control.a(clock_control_nrf.c.obj)
 .text.onoff_started_callback
                0x0001665c       0x12 zephyr/drivers/clock_control/libdrivers__clock_control.a(clock_control_nrf.c.obj)
 .text.lfclk_start
                0x0001666e        0x6 zephyr/drivers/clock_control/libdrivers__clock_control.a(clock_control_nrf.c.obj)
 .text.lfclk_stop
                0x00016674        0x6 zephyr/drivers/clock_control/libdrivers__clock_control.a(clock_control_nrf.c.obj)
 .text.blocking_start_callback
                0x0001667a        0x6 zephyr/drivers/clock_control/libdrivers__clock_control.a(clock_control_nrf.c.obj)
 .text.api_stop
                0x00016680       0x28 zephyr/drivers/clock_control/libdrivers__clock_control.a(clock_control_nrf.c.obj)
 .text.api_start
                0x000166a8       0x36 zephyr/drivers/clock_control/libdrivers__clock_control.a(clock_control_nrf.c.obj)
 .text.gpio_nrfx_port_get_raw
                0x000166de        0xc zephyr/drivers/gpio/libdrivers__gpio.a(gpio_nrfx.c.obj)
 .text.gpio_nrfx_port_set_masked_raw
                0x000166ea       0x12 zephyr/drivers/gpio/libdrivers__gpio.a(gpio_nrfx.c.obj)
 .text.gpio_nrfx_port_set_bits_raw
                0x000166fc        0xa zephyr/drivers/gpio/libdrivers__gpio.a(gpio_nrfx.c.obj)
 .text.gpio_nrfx_port_clear_bits_raw
                0x00016706        0xa zephyr/drivers/gpio/libdrivers__gpio.a(gpio_nrfx.c.obj)
 .text.gpio_nrfx_port_toggle_bits
                0x00016710        0xe zephyr/drivers/gpio/libdrivers__gpio.a(gpio_nrfx.c.obj)
 .text.gpio_nrfx_manage_callback
                0x0001671e       0x56 zephyr/drivers/gpio/libdrivers__gpio.a(gpio_nrfx.c.obj)
 .text.uarte_nrfx_isr_int
                0x00016774       0x74 zephyr/drivers/serial/libdrivers__serial.a(uart_nrfx_uarte.c.obj)
 .text.uarte_nrfx_config_get
                0x000167e8       0x10 zephyr/drivers/serial/libdrivers__serial.a(uart_nrfx_uarte.c.obj)
 .text.uarte_nrfx_err_check
                0x000167f8        0xe zephyr/drivers/serial/libdrivers__serial.a(uart_nrfx_uarte.c.obj)
 .text.is_tx_ready
                0x00016806       0x20 zephyr/drivers/serial/libdrivers__serial.a(uart_nrfx_uarte.c.obj)
 .text.uarte_nrfx_poll_in
                0x00016826       0x26 zephyr/drivers/serial/libdrivers__serial.a(uart_nrfx_uarte.c.obj)
 .text.entropy_cc3xx_rng_init
                0x0001684c        0x4 zephyr/drivers/entropy/libdrivers__entropy.a(entropy_cc310.c.obj)
 .text.entropy_cc3xx_rng_get_entropy
                0x00016850       0x40 zephyr/drivers/entropy/libdrivers__entropy.a(entropy_cc310.c.obj)
 .text.sys_clock_idle_exit
                0x00016890        0x2 zephyr/drivers/timer/libdrivers__timer.a(sys_clock_init.c.obj)
                0x00016890                sys_clock_idle_exit
 .text.nrf_modem_os_busywait
                0x00016892        0x4 modules/nrf/lib/nrf_modem_lib/lib..__nrf__lib__nrf_modem_lib.a(nrf_modem_os.c.obj)
                0x00016892                nrf_modem_os_busywait
 .text.nrf_modem_os_is_in_isr
                0x00016896        0x4 modules/nrf/lib/nrf_modem_lib/lib..__nrf__lib__nrf_modem_lib.a(nrf_modem_os.c.obj)
                0x00016896                nrf_modem_os_is_in_isr
 .text.nrf_modem_os_sem_give
                0x0001689a        0x4 modules/nrf/lib/nrf_modem_lib/lib..__nrf__lib__nrf_modem_lib.a(nrf_modem_os.c.obj)
                0x0001689a                nrf_modem_os_sem_give
 .text.nrf_modem_os_sem_take
                0x0001689e       0x46 modules/nrf/lib/nrf_modem_lib/lib..__nrf__lib__nrf_modem_lib.a(nrf_modem_os.c.obj)
                0x0001689e                nrf_modem_os_sem_take
 .text.read_task_create
                0x000168e4       0x16 modules/nrf/lib/nrf_modem_lib/lib..__nrf__lib__nrf_modem_lib.a(nrf_modem_os.c.obj)
                0x000168e4                read_task_create
 .text.nrf_modem_os_trace_put
                0x000168fa        0x4 modules/nrf/lib/nrf_modem_lib/lib..__nrf__lib__nrf_modem_lib.a(nrf_modem_os.c.obj)
                0x000168fa                nrf_modem_os_trace_put
 .text.k_sys_fatal_error_handler
                0x000168fe        0x8 modules/nrf/lib/fatal_error/lib..__nrf__lib__fatal_error.a(fatal_error.c.obj)
                0x000168fe                k_sys_fatal_error_handler
 .text.nrfx_isr
                0x00016906        0x2 modules/hal_nordic/nrfx/libmodules__hal_nordic__nrfx.a(nrfx_glue.c.obj)
                0x00016906                nrfx_isr
 .text.nrfx_busy_wait
                0x00016908        0x4 modules/hal_nordic/nrfx/libmodules__hal_nordic__nrfx.a(nrfx_glue.c.obj)
                0x00016908                nrfx_busy_wait
 .text.nrfx_clock_enable
                0x0001690c       0x16 modules/hal_nordic/nrfx/libmodules__hal_nordic__nrfx.a(nrfx_clock.c.obj)
                0x0001690c                nrfx_clock_enable
 .text.rpc_handle_ctrl_message
                0x00016922       0x30 D:/SDK/ncs_v1.9.1/v1.9.1/nrfxlib/nrf_modem/lib/cortex-m33/soft-float/libmodem.a(rpc_framework.c.obj)
                0x00016922                rpc_handle_ctrl_message
 .text.rpc_message_send
                0x00016952       0x10 D:/SDK/ncs_v1.9.1/v1.9.1/nrfxlib/nrf_modem/lib/cortex-m33/soft-float/libmodem.a(rpc_framework.c.obj)
                0x00016952                rpc_message_send
 .text.rpc_message_alloc
                0x00016962       0x30 D:/SDK/ncs_v1.9.1/v1.9.1/nrfxlib/nrf_modem/lib/cortex-m33/soft-float/libmodem.a(rpc_framework.c.obj)
                0x00016962                rpc_message_alloc
 .text.rpc_message_data_free
                0x00016992        0x4 D:/SDK/ncs_v1.9.1/v1.9.1/nrfxlib/nrf_modem/lib/cortex-m33/soft-float/libmodem.a(rpc_framework.c.obj)
                0x00016992                rpc_message_data_free
 .text.rpc_transport_data_msg_alloc
                0x00016996        0x4 D:/SDK/ncs_v1.9.1/v1.9.1/nrfxlib/nrf_modem/lib/cortex-m33/soft-float/libmodem.a(rpc_transport.c.obj)
                0x00016996                rpc_transport_data_msg_alloc
 .text.rpc_transport_msg_free
                0x0001699a        0x4 D:/SDK/ncs_v1.9.1/v1.9.1/nrfxlib/nrf_modem/lib/cortex-m33/soft-float/libmodem.a(rpc_transport.c.obj)
                0x0001699a                rpc_transport_msg_free
 .text.rpc_transport_data_alloc
                0x0001699e        0x4 D:/SDK/ncs_v1.9.1/v1.9.1/nrfxlib/nrf_modem/lib/cortex-m33/soft-float/libmodem.a(rpc_transport.c.obj)
                0x0001699e                rpc_transport_data_alloc
 .text.rpc_transport_local_data_free
                0x000169a2        0x4 D:/SDK/ncs_v1.9.1/v1.9.1/nrfxlib/nrf_modem/lib/cortex-m33/soft-float/libmodem.a(rpc_transport.c.obj)
                0x000169a2                rpc_transport_local_data_free
 .text.rpc_transport_peer_data_free
                0x000169a6        0x4 D:/SDK/ncs_v1.9.1/v1.9.1/nrfxlib/nrf_modem/lib/cortex-m33/soft-float/libmodem.a(rpc_transport.c.obj)
                0x000169a6                rpc_transport_peer_data_free
 .text.rpc_transport_data_msg_send
                0x000169aa        0x4 D:/SDK/ncs_v1.9.1/v1.9.1/nrfxlib/nrf_modem/lib/cortex-m33/soft-float/libmodem.a(rpc_transport.c.obj)
                0x000169aa                rpc_transport_data_msg_send
 .text.rpc_transport_ipc_local_data_free
                0x000169ae        0xe D:/SDK/ncs_v1.9.1/v1.9.1/nrfxlib/nrf_modem/lib/cortex-m33/soft-float/libmodem.a(rpc_transport_ipc.c.obj)
                0x000169ae                rpc_transport_ipc_local_data_free
 .text.rpc_transport_ipc_peer_data_free
                0x000169bc       0x24 D:/SDK/ncs_v1.9.1/v1.9.1/nrfxlib/nrf_modem/lib/cortex-m33/soft-float/libmodem.a(rpc_transport_ipc.c.obj)
                0x000169bc                rpc_transport_ipc_peer_data_free
 .text.rpc_client_request_alloc
                0x000169e0        0xc D:/SDK/ncs_v1.9.1/v1.9.1/nrfxlib/nrf_modem/lib/cortex-m33/soft-float/libmodem.a(rpc_client.c.obj)
                0x000169e0                rpc_client_request_alloc
 .text.rpc_client_request_send
                0x000169ec        0xe D:/SDK/ncs_v1.9.1/v1.9.1/nrfxlib/nrf_modem/lib/cortex-m33/soft-float/libmodem.a(rpc_client.c.obj)
                0x000169ec                rpc_client_request_send
 .text.rpc_client_data_free
                0x000169fa        0x4 D:/SDK/ncs_v1.9.1/v1.9.1/nrfxlib/nrf_modem/lib/cortex-m33/soft-float/libmodem.a(rpc_client.c.obj)
                0x000169fa                rpc_client_data_free
 .text.ip_interface_request_create
                0x000169fe       0x26 D:/SDK/ncs_v1.9.1/v1.9.1/nrfxlib/nrf_modem/lib/cortex-m33/soft-float/libmodem.a(ip_interface.c.obj)
                0x000169fe                ip_interface_request_create
 .text.ip_interface_wait
                0x00016a24       0x20 D:/SDK/ncs_v1.9.1/v1.9.1/nrfxlib/nrf_modem/lib/cortex-m33/soft-float/libmodem.a(ip_interface.c.obj)
                0x00016a24                ip_interface_wait
 .text.secure_client_socket
                0x00016a44       0x70 D:/SDK/ncs_v1.9.1/v1.9.1/nrfxlib/nrf_modem/lib/cortex-m33/soft-float/libmodem.a(tls_interface.c.obj)
 .text.nrf_modem_recoverable_error_handler
                0x00016ab4        0x2 D:/SDK/ncs_v1.9.1/v1.9.1/nrfxlib/nrf_modem/lib/cortex-m33/soft-float/libmodem.a(nrf_modem.c.obj)
                0x00016ab4                nrf_modem_recoverable_error_handler
 .text.nrf_modem_platform_error_handler
                0x00016ab6        0x8 D:/SDK/ncs_v1.9.1/v1.9.1/nrfxlib/nrf_modem/lib/cortex-m33/soft-float/libmodem.a(nrf_modem.c.obj)
                0x00016ab6                nrf_modem_platform_error_handler
 .text.rpc_transport_ipc_fault_handler
                0x00016abe        0x4 D:/SDK/ncs_v1.9.1/v1.9.1/nrfxlib/nrf_modem/lib/cortex-m33/soft-float/libmodem.a(nrf_modem_platform.c.obj)
                0x00016abe                rpc_transport_ipc_fault_handler
 .text.nrf_modem_platform_init
                0x00016ac2       0x34 D:/SDK/ncs_v1.9.1/v1.9.1/nrfxlib/nrf_modem/lib/cortex-m33/soft-float/libmodem.a(nrf_modem_platform.c.obj)
                0x00016ac2                nrf_modem_platform_init
 .text.z_device_state_init
                0x00016af6        0x2 zephyr/kernel/libkernel.a(device.c.obj)
                0x00016af6                z_device_state_init
 .text.z_device_ready
                0x00016af8       0x14 zephyr/kernel/libkernel.a(device.c.obj)
                0x00016af8                z_device_ready
 .text.z_fatal_error
                0x00016b0c       0x36 zephyr/kernel/libkernel.a(fatal.c.obj)
                0x00016b0c                z_fatal_error
 .text.k_heap_init
                0x00016b42       0x10 zephyr/kernel/libkernel.a(kheap.c.obj)
                0x00016b42                k_heap_init
 .text.k_heap_aligned_alloc
                0x00016b52       0x8e zephyr/kernel/libkernel.a(kheap.c.obj)
                0x00016b52                k_heap_aligned_alloc
 .text.k_heap_alloc
                0x00016be0       0x14 zephyr/kernel/libkernel.a(kheap.c.obj)
                0x00016be0                k_heap_alloc
 .text.k_heap_free
                0x00016bf4       0x3a zephyr/kernel/libkernel.a(kheap.c.obj)
                0x00016bf4                k_heap_free
 .text.k_is_in_isr
                0x00016c2e        0xc zephyr/kernel/libkernel.a(thread.c.obj)
                0x00016c2e                k_is_in_isr
 .text.z_pm_save_idle_exit
                0x00016c3a        0xe zephyr/kernel/libkernel.a(idle.c.obj)
                0x00016c3a                z_pm_save_idle_exit
 .text.z_impl_k_mutex_init
                0x00016c48        0xe zephyr/kernel/libkernel.a(mutex.c.obj)
                0x00016c48                z_impl_k_mutex_init
 .text.z_impl_k_sem_init
                0x00016c56       0x18 zephyr/kernel/libkernel.a(sem.c.obj)
                0x00016c56                z_impl_k_sem_init
 .text.sys_dlist_remove
                0x00016c6e       0x10 zephyr/kernel/libkernel.a(sched.c.obj)
 .text.unpend_thread_no_timeout
                0x00016c7e       0x14 zephyr/kernel/libkernel.a(sched.c.obj)
 .text.z_unpend_thread_no_timeout
                0x00016c92       0x20 zephyr/kernel/libkernel.a(sched.c.obj)
                0x00016c92                z_unpend_thread_no_timeout
 .text.z_unpend_thread
                0x00016cb2       0x28 zephyr/kernel/libkernel.a(sched.c.obj)
                0x00016cb2                z_unpend_thread
 .text.z_reschedule_irqlock
                0x00016cda       0x18 zephyr/kernel/libkernel.a(sched.c.obj)
                0x00016cda                z_reschedule_irqlock
 .text.z_reschedule_unlocked
                0x00016cf2       0x14 zephyr/kernel/libkernel.a(sched.c.obj)
 .text.z_priq_dumb_best
                0x00016d06       0x14 zephyr/kernel/libkernel.a(sched.c.obj)
                0x00016d06                z_priq_dumb_best
 .text.z_ready_thread
                0x00016d1a       0x20 zephyr/kernel/libkernel.a(sched.c.obj)
                0x00016d1a                z_ready_thread
 .text.z_thread_timeout
                0x00016d3a       0x44 zephyr/kernel/libkernel.a(sched.c.obj)
                0x00016d3a                z_thread_timeout
 .text.add_to_waitq_locked
                0x00016d7e       0x5a zephyr/kernel/libkernel.a(sched.c.obj)
 .text.z_unpend1_no_timeout
                0x00016dd8       0x2a zephyr/kernel/libkernel.a(sched.c.obj)
                0x00016dd8                z_unpend1_no_timeout
 .text.z_unpend_first_thread
                0x00016e02       0x30 zephyr/kernel/libkernel.a(sched.c.obj)
                0x00016e02                z_unpend_first_thread
 .text.z_unpend_all
                0x00016e32       0x20 zephyr/kernel/libkernel.a(sched.c.obj)
                0x00016e32                z_unpend_all
 .text.z_abort_timeout
                0x00016e52       0x2c zephyr/kernel/libkernel.a(timeout.c.obj)
                0x00016e52                z_abort_timeout
 .text.z_get_next_timeout_expiry
                0x00016e7e       0x20 zephyr/kernel/libkernel.a(timeout.c.obj)
                0x00016e7e                z_get_next_timeout_expiry
 .text.z_set_timeout_expiry
                0x00016e9e       0x34 zephyr/kernel/libkernel.a(timeout.c.obj)
                0x00016e9e                z_set_timeout_expiry
 .text.sys_clock_tick_get_32
                0x00016ed2        0x8 zephyr/kernel/libkernel.a(timeout.c.obj)
                0x00016ed2                sys_clock_tick_get_32
 .text.z_impl_k_uptime_ticks
                0x00016eda        0x4 zephyr/kernel/libkernel.a(timeout.c.obj)
                0x00016eda                z_impl_k_uptime_ticks
 .text.z_impl_k_busy_wait
                0x00016ede        0x8 zephyr/kernel/libkernel.a(timeout.c.obj)
                0x00016ede                z_impl_k_busy_wait
 .text.sys_clock_timeout_end_calc
                0x00016ee6       0x52 zephyr/kernel/libkernel.a(timeout.c.obj)
                0x00016ee6                sys_clock_timeout_end_calc
 .text.k_timer_init
                0x00016f38       0x18 zephyr/kernel/libkernel.a(timer.c.obj)
                0x00016f38                k_timer_init
 .text.z_impl_k_timer_stop
                0x00016f50       0x3a zephyr/kernel/libkernel.a(timer.c.obj)
                0x00016f50                z_impl_k_timer_stop
 .text._OffsetAbsSyms
                0x00016f8a        0x2 zephyr/CMakeFiles/offsets.dir/./arch/arm/core/offsets/offsets.c.obj
                0x00016f8a                _OffsetAbsSyms
 *(SORT_BY_ALIGNMENT(.TEXT.*))
 .TEXT.z_arm_platform_init
                0x00016f8c        0x4 zephyr/libzephyr.a(soc_nrf_common.S.obj)
                0x00016f8c                z_arm_platform_init
 *(SORT_BY_ALIGNMENT(.gnu.linkonce.t.*))
 *(SORT_BY_ALIGNMENT(.glue_7t))
 .glue_7t       0x00016f90        0x0 linker stubs
 *(SORT_BY_ALIGNMENT(.glue_7))
 .glue_7        0x00016f90        0x0 linker stubs
 *(SORT_BY_ALIGNMENT(.vfp11_veneer))
 .vfp11_veneer  0x00016f90        0x0 linker stubs
 *(SORT_BY_ALIGNMENT(.v4_bx))
 .v4_bx         0x00016f90        0x0 linker stubs
                0x00016f90                __text_region_end = .

.ARM.exidx      0x00016f90        0x8
                0x00016f90                __exidx_start = .
 *(SORT_BY_ALIGNMENT(.ARM.exidx*) SORT_BY_ALIGNMENT(gnu.linkonce.armexidx.*))
 .ARM.exidx     0x00016f90        0x8 d:/zepyth/v1.9.1/toolchain/opt/bin/../lib/gcc/arm-none-eabi/9.2.1/thumb/v8-m.main/nofp\libgcc.a(_udivmoddi4.o)
                0x00016f98                __exidx_end = .
                0x00016f98                __rodata_region_start = .

initlevel       0x00016f98       0x50
                0x00016f98                __init_start = .
                0x00016f98                __init_PRE_KERNEL_1_start = .
 *(SORT_BY_NAME(SORT_BY_ALIGNMENT(.z_init_PRE_KERNEL_1[0-9]_*)))
 .z_init_PRE_KERNEL_10_
                0x00016f98        0x8 zephyr/libzephyr.a(soc.c.obj)
 *(SORT_BY_NAME(SORT_BY_ALIGNMENT(.z_init_PRE_KERNEL_1[1-9][0-9]_*)))
 .z_init_PRE_KERNEL_130_
                0x00016fa0        0x8 zephyr/drivers/clock_control/libdrivers__clock_control.a(clock_control_nrf.c.obj)
 .z_init_PRE_KERNEL_130_
                0x00016fa8        0x8 zephyr/kernel/libkernel.a(kheap.c.obj)
 .z_init_PRE_KERNEL_140_
                0x00016fb0        0x8 zephyr/drivers/gpio/libdrivers__gpio.a(gpio_nrfx.c.obj)
 .z_init_PRE_KERNEL_150_
                0x00016fb8        0x8 zephyr/drivers/entropy/libdrivers__entropy.a(entropy_cc310.c.obj)
 .z_init_PRE_KERNEL_155_
                0x00016fc0        0x8 zephyr/drivers/serial/libdrivers__serial.a(uart_nrfx_uarte.c.obj)
 .z_init_PRE_KERNEL_160_
                0x00016fc8        0x8 zephyr/drivers/console/libdrivers__console.a(uart_console.c.obj)
                0x00016fd0                __init_PRE_KERNEL_2_start = .
 *(SORT_BY_NAME(SORT_BY_ALIGNMENT(.z_init_PRE_KERNEL_2[0-9]_*)))
 .z_init_PRE_KERNEL_20_
                0x00016fd0        0x8 zephyr/drivers/timer/libdrivers__timer.a(nrf_rtc_timer.c.obj)
 *(SORT_BY_NAME(SORT_BY_ALIGNMENT(.z_init_PRE_KERNEL_2[1-9][0-9]_*)))
                0x00016fd8                __init_POST_KERNEL_start = .
 *(SORT_BY_NAME(SORT_BY_ALIGNMENT(.z_init_POST_KERNEL[0-9]_*)))
 .z_init_POST_KERNEL0_
                0x00016fd8        0x8 modules/nrf/lib/nrf_modem_lib/lib..__nrf__lib__nrf_modem_lib.a(nrf_modem_lib.c.obj)
 *(SORT_BY_NAME(SORT_BY_ALIGNMENT(.z_init_POST_KERNEL[1-9][0-9]_*)))
 .z_init_POST_KERNEL90_
                0x00016fe0        0x8 modules/nrf/subsys/fw_info/lib..__nrf__subsys__fw_info.a(fw_info.c.obj)
                0x00016fe8                __init_APPLICATION_start = .
 *(SORT_BY_NAME(SORT_BY_ALIGNMENT(.z_init_APPLICATION[0-9]_*)))
 *(SORT_BY_NAME(SORT_BY_ALIGNMENT(.z_init_APPLICATION[1-9][0-9]_*)))
                0x00016fe8                __init_SMP_start = .
 *(SORT_BY_NAME(SORT_BY_ALIGNMENT(.z_init_SMP[0-9]_*)))
 *(SORT_BY_NAME(SORT_BY_ALIGNMENT(.z_init_SMP[1-9][0-9]_*)))
                0x00016fe8                __init_end = .

devices         0x00016fe8       0x60
                0x00016fe8                __device_start = .
                0x00016fe8                __device_PRE_KERNEL_1_start = .
 *(SORT_BY_NAME(SORT_BY_ALIGNMENT(.z_device_PRE_KERNEL_1[0-9]_*)))
 *(SORT_BY_NAME(SORT_BY_ALIGNMENT(.z_device_PRE_KERNEL_1[1-9][0-9]_*)))
 .z_device_PRE_KERNEL_130_
                0x00016fe8       0x18 zephyr/drivers/clock_control/libdrivers__clock_control.a(clock_control_nrf.c.obj)
                0x00016fe8                __device_dts_ord_37
 .z_device_PRE_KERNEL_140_
                0x00017000       0x18 zephyr/drivers/gpio/libdrivers__gpio.a(gpio_nrfx.c.obj)
                0x00017000                __device_dts_ord_9
 .z_device_PRE_KERNEL_150_
                0x00017018       0x18 zephyr/drivers/entropy/libdrivers__entropy.a(entropy_cc310.c.obj)
                0x00017018                __device_dts_ord_5
 .z_device_PRE_KERNEL_155_
                0x00017030       0x18 zephyr/drivers/serial/libdrivers__serial.a(uart_nrfx_uarte.c.obj)
                0x00017030                __device_dts_ord_66
                0x00017048                __device_PRE_KERNEL_2_start = .
 *(SORT_BY_NAME(SORT_BY_ALIGNMENT(.z_device_PRE_KERNEL_2[0-9]_*)))
 *(SORT_BY_NAME(SORT_BY_ALIGNMENT(.z_device_PRE_KERNEL_2[1-9][0-9]_*)))
                0x00017048                __device_POST_KERNEL_start = .
 *(SORT_BY_NAME(SORT_BY_ALIGNMENT(.z_device_POST_KERNEL[0-9]_*)))
 *(SORT_BY_NAME(SORT_BY_ALIGNMENT(.z_device_POST_KERNEL[1-9][0-9]_*)))
                0x00017048                __device_APPLICATION_start = .
 *(SORT_BY_NAME(SORT_BY_ALIGNMENT(.z_device_APPLICATION[0-9]_*)))
 *(SORT_BY_NAME(SORT_BY_ALIGNMENT(.z_device_APPLICATION[1-9][0-9]_*)))
                0x00017048                __device_SMP_start = .
 *(SORT_BY_NAME(SORT_BY_ALIGNMENT(.z_device_SMP[0-9]_*)))
 *(SORT_BY_NAME(SORT_BY_ALIGNMENT(.z_device_SMP[1-9][0-9]_*)))
                0x00017048                __device_end = .

sw_isr_table    0x00017048      0x208
                0x00017048                . = ALIGN (0x0)
 *(SORT_BY_ALIGNMENT(.gnu.linkonce.sw_isr_table*))
 .gnu.linkonce.sw_isr_table
                0x00017048      0x208 zephyr/arch/common/libisr_tables.a(isr_tables.c.obj)
                0x00017048                _sw_isr_table

initlevel_error
                0x00016f98        0x0
 *(SORT_BY_NAME(SORT_BY_ALIGNMENT(.z_init_[_A-Z0-9]*)))
                0x00000001                ASSERT ((SIZEOF (initlevel_error) == 0x0), Undefined initialization levels used.)

app_shmem_regions
                0x00017250        0x0
                0x00017250                __app_shmem_regions_start = .
 *(SORT_BY_NAME(SORT_BY_ALIGNMENT(.app_regions.*)))
                0x00017250                __app_shmem_regions_end = .

bt_l2cap_fixed_chan_area
                0x00017250        0x0
                0x00017250                _bt_l2cap_fixed_chan_list_start = .
 *(SORT_BY_NAME(SORT_BY_ALIGNMENT(._bt_l2cap_fixed_chan.static.*)))
                0x00017250                _bt_l2cap_fixed_chan_list_end = .

bt_gatt_service_static_area
                0x00017250        0x0
                0x00017250                _bt_gatt_service_static_list_start = .
 *(SORT_BY_NAME(SORT_BY_ALIGNMENT(._bt_gatt_service_static.static.*)))
                0x00017250                _bt_gatt_service_static_list_end = .

k_p4wq_initparam_area
                0x00017250        0x0
                0x00017250                _k_p4wq_initparam_list_start = .
 *(SORT_BY_NAME(SORT_BY_ALIGNMENT(._k_p4wq_initparam.static.*)))
                0x00017250                _k_p4wq_initparam_list_end = .

log_strings_sections
                0x00017250        0x0
                0x00017250                __log_strings_start = .
 *(SORT_BY_NAME(SORT_BY_ALIGNMENT(.log_strings*)))
                0x00017250                __log_strings_end = .

log_const_sections
                0x00017250        0x0
                0x00017250                __log_const_start = .
 *(SORT_BY_NAME(SORT_BY_ALIGNMENT(.log_const_*)))
                0x00017250                __log_const_end = .

log_backends_sections
                0x00017250        0x0
                0x00017250                __log_backends_start = .
 *(SORT_BY_ALIGNMENT(._log_backend.*))
                0x00017250                __log_backends_end = .

shell_area      0x00017250        0x0
                0x00017250                _shell_list_start = .
 *(SORT_BY_NAME(SORT_BY_ALIGNMENT(._shell.static.*)))
                0x00017250                _shell_list_end = .

shell_root_cmds_sections
                0x00017250        0x0
                0x00017250                __shell_root_cmds_start = .
 *(SORT_BY_NAME(SORT_BY_ALIGNMENT(.shell_root_cmd_*)))
                0x00017250                __shell_root_cmds_end = .

font_entry_sections
                0x00017250        0x0
                0x00017250                __font_entry_start = .
 *(SORT_BY_NAME(SORT_BY_ALIGNMENT(._cfb_font.*)))
                0x00017250                __font_entry_end = .

tracing_backend_area
                0x00017250        0x0
                0x00017250                _tracing_backend_list_start = .
 *(SORT_BY_NAME(SORT_BY_ALIGNMENT(._tracing_backend.static.*)))
                0x00017250                _tracing_backend_list_end = .

zephyr_dbg_info
 *(SORT_BY_ALIGNMENT(.dbg_thread_info))

device_handles  0x00017250       0x36
                0x00017250                __device_handles_start = .
 *(SORT_BY_NAME(SORT_BY_ALIGNMENT(.__device_handles_pass1*)))
 .__device_handles_pass1
                0x00017250        0xa zephyr/drivers/clock_control/libdrivers__clock_control.a(clock_control_nrf.c.obj)
                0x00017250                __devicehdl_DT_N_S_soc_S_peripheral_40000000_S_clock_5000
 .__device_handles_pass1
                0x0001725a       0x1a zephyr/drivers/gpio/libdrivers__gpio.a(gpio_nrfx.c.obj)
                0x0001725a                __devicehdl_DT_N_S_soc_S_peripheral_40000000_S_gpio_842500
 .__device_handles_pass1
                0x00017274        0xa zephyr/drivers/serial/libdrivers__serial.a(uart_nrfx_uarte.c.obj)
                0x00017274                __devicehdl_DT_N_S_soc_S_peripheral_40000000_S_uart_8000
 .__device_handles_pass1
                0x0001727e        0x8 zephyr/drivers/entropy/libdrivers__entropy.a(entropy_cc310.c.obj)
                0x0001727e                __devicehdl_DT_N_S_cryptocell_sw
                0x00017286                __device_handles_end = .

rodata          0x00017290      0x3c0
 *(SORT_BY_ALIGNMENT(.rodata))
 .rodata        0x00017290       0x18 modules/nrf/subsys/fw_info/lib..__nrf__subsys__fw_info.a(fw_info.c.obj)
 *(SORT_BY_ALIGNMENT(.rodata.*))
 *fill*         0x000172a8        0x8 
 .rodata.delay_machine_code.8815
                0x000172b0        0x6 zephyr/libzephyr.a(soc.c.obj)
 *fill*         0x000172b6        0x2 
 .rodata.s_button1
                0x000172b8        0x8 app/libapp.a(button_handler.c.obj)
 .rodata.s_button2
                0x000172c0        0x8 app/libapp.a(button_handler.c.obj)
 .rodata.static_regions
                0x000172c8        0xc zephyr/arch/arch/arm/core/aarch32/mpu/libarch__arm__core__aarch32__mpu.a(arm_core_mpu.c.obj)
 .rodata.mpu_config
                0x000172d4        0x8 zephyr/soc/arm/common/cortex_m/libsoc__arm__common__cortex_m.a(arm_mpu_regions.c.obj)
                0x000172d4                mpu_config
 .rodata.mpu_regions
                0x000172dc       0x20 zephyr/soc/arm/common/cortex_m/libsoc__arm__common__cortex_m.a(arm_mpu_regions.c.obj)
 .rodata.clock_control_api
                0x000172fc       0x18 zephyr/drivers/clock_control/libdrivers__clock_control.a(clock_control_nrf.c.obj)
 .rodata.config
                0x00017314       0x10 zephyr/drivers/clock_control/libdrivers__clock_control.a(clock_control_nrf.c.obj)
 .rodata.transitions.10912
                0x00017324        0xc zephyr/drivers/clock_control/libdrivers__clock_control.a(clock_control_nrf.c.obj)
 .rodata.gpio_nrfx_drv_api_funcs
                0x00017330       0x24 zephyr/drivers/gpio/libdrivers__gpio.a(gpio_nrfx.c.obj)
 .rodata.gpio_nrfx_p0_cfg
                0x00017354       0x10 zephyr/drivers/gpio/libdrivers__gpio.a(gpio_nrfx.c.obj)
 .rodata.uart_nrfx_uarte_driver_api
                0x00017364       0x14 zephyr/drivers/serial/libdrivers__serial.a(uart_nrfx_uarte.c.obj)
 .rodata.uarte_0z_config
                0x00017378       0x20 zephyr/drivers/serial/libdrivers__serial.a(uart_nrfx_uarte.c.obj)
 .rodata.entropy_cc3xx_rng_api
                0x00017398        0x8 zephyr/drivers/entropy/libdrivers__entropy.a(entropy_cc310.c.obj)
 .rodata.init_params
                0x000173a0       0x24 modules/nrf/lib/nrf_modem_lib/lib..__nrf__lib__nrf_modem_lib.a(nrf_modem_lib.c.obj)
 .rodata.m_rpc_client_list
                0x000173c4       0x30 D:/SDK/ncs_v1.9.1/v1.9.1/nrfxlib/nrf_modem/lib/cortex-m33/soft-float/libmodem.a(rpc_framework.c.obj)
 .rodata.levels.9167
                0x000173f4       0x14 zephyr/kernel/libkernel.a(device.c.obj)
 .rodata._k_neg_eagain
                0x00017408        0x4 zephyr/kernel/libkernel.a(errno.c.obj)
                0x00017408                _k_neg_eagain
 .rodata.button_handler.str1.1
                0x0001740c       0x50 app/libapp.a(main.c.obj)
 .rodata.main.str1.1
                0x0001745c        0xd app/libapp.a(main.c.obj)
 .rodata.led_init.str1.1
                0x00017469        0x7 app/libapp.a(led.c.obj)
 .rodata.button_handler_init.str1.1
                0x00017470       0xa2 app/libapp.a(button_handler.c.obj)
 .rodata.cbvprintf.str1.1
                0x00017512        0x6 zephyr/libzephyr.a(cbprintf_complete.c.obj)
 .rodata.str1.1
                0x00017518        0xf zephyr/soc/arm/common/cortex_m/libsoc__arm__common__cortex_m.a(arm_mpu_regions.c.obj)
 .rodata.str1.1
                0x00017527        0x6 zephyr/drivers/clock_control/libdrivers__clock_control.a(clock_control_nrf.c.obj)
 .rodata.str1.1
                0x0001752d        0x7 zephyr/drivers/gpio/libdrivers__gpio.a(gpio_nrfx.c.obj)
 .rodata.str1.1
                0x0001752d        0x7 zephyr/drivers/serial/libdrivers__serial.a(uart_nrfx_uarte.c.obj)
 .rodata.str1.1
                0x00017534        0xe zephyr/drivers/entropy/libdrivers__entropy.a(entropy_cc310.c.obj)
 .rodata.check_ext_api_requests.str1.1
                0x00017542       0x5c modules/nrf/subsys/fw_info/lib..__nrf__subsys__fw_info.a(fw_info.c.obj)
 .rodata.CSWTCH.108
                0x0001759e        0x5 D:/SDK/ncs_v1.9.1/v1.9.1/nrfxlib/nrf_modem/lib/cortex-m33/soft-float/libmodem.a(ip_interface.c.obj)
 .rodata.CSWTCH.117
                0x000175a3       0x6b D:/SDK/ncs_v1.9.1/v1.9.1/nrfxlib/nrf_modem/lib/cortex-m33/soft-float/libmodem.a(ip_interface.c.obj)
 .rodata.z_cstart.str1.1
                0x0001760e        0x5 zephyr/kernel/libkernel.a(init.c.obj)
 .rodata.boot_banner.str1.1
                0x00017613       0x36 zephyr/kernel/libkernel.a(banner.c.obj)
                                 0x37 (size before relaxing)
 *(SORT_BY_ALIGNMENT(.gnu.linkonce.r.*))
                0x0001764c                . = ALIGN (0x4)
 *fill*         0x00017649        0x3 
                0x0001764c                _fw_info_images_start = .
 *(SORT_BY_ALIGNMENT(.fw_info_images))
 .fw_info_images
                0x0001764c        0x4 modules/nrf/subsys/fw_info/lib..__nrf__subsys__fw_info.a(fw_info.c.obj)
                0x0001764c                self_image
                0x00000001                _fw_info_images_size = ABSOLUTE (((. - _fw_info_images_start) / 0x4))
                0x00017650                _ext_apis_start = .
 *(SORT_BY_ALIGNMENT(.ext_apis))
                0x00000000                _ext_apis_size = ABSOLUTE ((. - _ext_apis_start))
                0x00017650                _ext_apis_req_start = .
 *(SORT_BY_ALIGNMENT(.ext_apis_req))
                0x00000000                _ext_apis_req_size = ABSOLUTE ((. - _ext_apis_req_start))
                0x00017650                . = ALIGN (0x4)
                0x00017650                __rodata_region_end = .
                0x00017660                . = ALIGN (_region_min_align)
                0x00017660                __rom_region_end = .
                0x2000c4e8                . = 0x2000c4e8
                0x2000c500                . = ALIGN (_region_min_align)
                0x2000c500                _image_ram_start = .

.ramfunc        0x2000c4e8       0x18 load address 0x00017650
                0x2000c500                . = ALIGN (_region_min_align)
 *fill*         0x2000c4e8       0x18 
                0x2000c500                __ramfunc_start = .
 *(SORT_BY_ALIGNMENT(.ramfunc))
 *(SORT_BY_ALIGNMENT(.ramfunc.*))
                0x2000c500                . = ALIGN (_region_min_align)
                0x2000c500                __ramfunc_end = .
                0x00000000                __ramfunc_size = (__ramfunc_end - __ramfunc_start)
                0x00017650                __ramfunc_load_start = LOADADDR (.ramfunc)

datas           0x2000c500       0x88 load address 0x00017668
                0x2000c500                __data_region_start = .
                0x2000c500                __data_start = .
 *(SORT_BY_ALIGNMENT(.data))
 *(SORT_BY_ALIGNMENT(.data.*))
 .data._char_out
                0x2000c500        0x4 zephyr/libzephyr.a(printk.c.obj)
                0x2000c500                _char_out
 .data._stdout_hook
                0x2000c504        0x4 zephyr/lib/libc/minimal/liblib__libc__minimal.a(stdout_console.c.obj)
 .data.uarte_0_data
                0x2000c508       0x14 zephyr/drivers/serial/libdrivers__serial.a(uart_nrfx_uarte.c.obj)
 .data.SystemCoreClock
                0x2000c51c        0x4 modules/hal_nordic/nrfx/libmodules__hal_nordic__nrfx.a(system_nrf9160.c.obj)
                0x2000c51c                SystemCoreClock
 .data.m_allocated_channels
                0x2000c520        0x4 modules/hal_nordic/nrfx/libmodules__hal_nordic__nrfx.a(nrfx_dppi.c.obj)
 .data.m_cb     0x2000c524       0x5c modules/hal_nordic/nrfx/libmodules__hal_nordic__nrfx.a(nrfx_gpiote.c.obj)
 .data.timeout_list
                0x2000c580        0x8 zephyr/kernel/libkernel.a(timeout.c.obj)
 *(SORT_BY_ALIGNMENT(.kernel.*))
                0x2000c588                __data_end = .
                0x00000088                __data_size = (__data_end - __data_start)
                0x00017668                __data_load_start = LOADADDR (datas)
                0x00017668                __data_region_load_start = LOADADDR (datas)

device_states   0x2000c588       0x10 load address 0x000176f0
                0x2000c588                __device_states_start = .
 *(SORT_BY_ALIGNMENT(.z_devstate))
 .z_devstate    0x2000c588        0x4 zephyr/drivers/clock_control/libdrivers__clock_control.a(clock_control_nrf.c.obj)
 .z_devstate    0x2000c58c        0x4 zephyr/drivers/gpio/libdrivers__gpio.a(gpio_nrfx.c.obj)
 .z_devstate    0x2000c590        0x4 zephyr/drivers/serial/libdrivers__serial.a(uart_nrfx_uarte.c.obj)
 .z_devstate    0x2000c594        0x4 zephyr/drivers/entropy/libdrivers__entropy.a(entropy_cc310.c.obj)
 *(SORT_BY_ALIGNMENT(.z_devstate.*))
                0x2000c598                __device_states_end = .

initshell       0x2000c598        0x0 load address 0x00017700
                0x2000c598                __shell_module_start = .
 *(SORT_BY_ALIGNMENT(.shell_module_*))
                0x2000c598                __shell_module_end = .
                0x2000c598                __shell_cmd_start = .
 *(SORT_BY_ALIGNMENT(.shell_cmd_*))
                0x2000c598                __shell_cmd_end = .

log_dynamic_sections
                0x2000c598        0x0 load address 0x00017700
                0x2000c598                __log_dynamic_start = .
 *(SORT_BY_NAME(SORT_BY_ALIGNMENT(.log_dynamic_*)))
                0x2000c598                __log_dynamic_end = .

_static_thread_data_area
                0x2000c598        0x0 load address 0x00017700
                0x2000c598                __static_thread_data_list_start = .
 *(SORT_BY_NAME(SORT_BY_ALIGNMENT(.__static_thread_data.static.*)))
                0x2000c598                __static_thread_data_list_end = .

k_timer_area    0x2000c598        0x0 load address 0x00017700
                0x2000c598                _k_timer_list_start = .
 *(SORT_BY_NAME(SORT_BY_ALIGNMENT(._k_timer.static.*)))
                0x2000c598                _k_timer_list_end = .

k_mem_slab_area
                0x2000c598        0x0 load address 0x00017700
                0x2000c598                _k_mem_slab_list_start = .
 *(SORT_BY_NAME(SORT_BY_ALIGNMENT(._k_mem_slab.static.*)))
                0x2000c598                _k_mem_slab_list_end = .

k_mem_pool_area
                0x2000c598        0x0 load address 0x00017700
                0x2000c598                _k_mem_pool_list_start = .
 *(SORT_BY_NAME(SORT_BY_ALIGNMENT(._k_mem_pool.static.*)))
                0x2000c598                _k_mem_pool_list_end = .

k_heap_area     0x2000c598       0x14 load address 0x00017700
                0x2000c598                _k_heap_list_start = .
 *(SORT_BY_NAME(SORT_BY_ALIGNMENT(._k_heap.static.*)))
 ._k_heap.static.library_heap
                0x2000c598       0x14 modules/nrf/lib/nrf_modem_lib/lib..__nrf__lib__nrf_modem_lib.a(nrf_modem_os.c.obj)
                0x2000c598                library_heap
                0x2000c5ac                _k_heap_list_end = .

k_mutex_area    0x2000c5ac        0x0 load address 0x00017714
                0x2000c5ac                _k_mutex_list_start = .
 *(SORT_BY_NAME(SORT_BY_ALIGNMENT(._k_mutex.static.*)))
                0x2000c5ac                _k_mutex_list_end = .

k_stack_area    0x2000c5ac        0x0 load address 0x00017714
                0x2000c5ac                _k_stack_list_start = .
 *(SORT_BY_NAME(SORT_BY_ALIGNMENT(._k_stack.static.*)))
                0x2000c5ac                _k_stack_list_end = .

k_msgq_area     0x2000c5ac        0x0 load address 0x00017714
                0x2000c5ac                _k_msgq_list_start = .
 *(SORT_BY_NAME(SORT_BY_ALIGNMENT(._k_msgq.static.*)))
                0x2000c5ac                _k_msgq_list_end = .

k_mbox_area     0x2000c5ac        0x0 load address 0x00017714
                0x2000c5ac                _k_mbox_list_start = .
 *(SORT_BY_NAME(SORT_BY_ALIGNMENT(._k_mbox.static.*)))
                0x2000c5ac                _k_mbox_list_end = .

k_pipe_area     0x2000c5ac        0x0 load address 0x00017714
                0x2000c5ac                _k_pipe_list_start = .
 *(SORT_BY_NAME(SORT_BY_ALIGNMENT(._k_pipe.static.*)))
                0x2000c5ac                _k_pipe_list_end = .

k_sem_area      0x2000c5ac        0x0 load address 0x00017714
                0x2000c5ac                _k_sem_list_start = .
 *(SORT_BY_NAME(SORT_BY_ALIGNMENT(._k_sem.static.*)))
                0x2000c5ac                _k_sem_list_end = .

k_event_area    0x2000c5ac        0x0 load address 0x00017714
                0x2000c5ac                _k_event_list_start = .
 *(SORT_BY_NAME(SORT_BY_ALIGNMENT(._k_event.static.*)))
                0x2000c5ac                _k_event_list_end = .

k_queue_area    0x2000c5ac        0x0 load address 0x00017714
                0x2000c5ac                _k_queue_list_start = .
 *(SORT_BY_NAME(SORT_BY_ALIGNMENT(._k_queue.static.*)))
                0x2000c5ac                _k_queue_list_end = .

k_condvar_area  0x2000c5ac        0x0 load address 0x00017714
                0x2000c5ac                _k_condvar_list_start = .
 *(SORT_BY_NAME(SORT_BY_ALIGNMENT(._k_condvar.static.*)))
                0x2000c5ac                _k_condvar_list_end = .

_net_buf_pool_area
                0x2000c5ac        0x0 load address 0x00017714
                0x2000c5ac                _net_buf_pool_list = .
 *(SORT_BY_NAME(SORT_BY_ALIGNMENT(._net_buf_pool.static.*)))
                0x2000c5ac                __data_region_end = .

bss             0x2000c5b0      0x841
                0x2000c5b0                . = ALIGN (0x4)
                0x2000c5b0                __bss_start = .
                0x2000c5b0                __kernel_ram_start = .
 *(SORT_BY_ALIGNMENT(.bss))
 *(SORT_BY_ALIGNMENT(.bss.*))
 .bss.my_timer  0x2000c5b0       0x38 app/libapp.a(main.c.obj)
                0x2000c5b0                my_timer
 .bss.button1_long_timer
                0x2000c5e8       0x38 app/libapp.a(button_handler.c.obj)
                0x2000c5e8                button1_long_timer
 .bss.button1_shot_timer
                0x2000c620       0x38 app/libapp.a(button_handler.c.obj)
                0x2000c620                button1_shot_timer
 .bss.button2_long_timer
                0x2000c658       0x38 app/libapp.a(button_handler.c.obj)
                0x2000c658                button2_long_timer
 .bss.button2_shot_timer
                0x2000c690       0x38 app/libapp.a(button_handler.c.obj)
                0x2000c690                button2_shot_timer
 .bss.anchor    0x2000c6c8        0x8 zephyr/drivers/timer/libdrivers__timer.a(nrf_rtc_timer.c.obj)
 .bss.cc_data   0x2000c6d0       0x10 zephyr/drivers/timer/libdrivers__timer.a(nrf_rtc_timer.c.obj)
 .bss.last_count
                0x2000c6e0        0x8 zephyr/drivers/timer/libdrivers__timer.a(nrf_rtc_timer.c.obj)
 .bss.status    0x2000c6e8       0x18 D:/SDK/ncs_v1.9.1/v1.9.1/nrfxlib/nrf_modem/lib/cortex-m33/soft-float/libmodem.a(full_dfu_interface.c.obj)
 .bss.z_idle_threads
                0x2000c700       0x80 zephyr/kernel/libkernel.a(init.c.obj)
                0x2000c700                z_idle_threads
 .bss.z_main_thread
                0x2000c780       0x80 zephyr/kernel/libkernel.a(init.c.obj)
                0x2000c780                z_main_thread
 .bss.curr_tick
                0x2000c800        0x8 zephyr/kernel/libkernel.a(timeout.c.obj)
 .bss.dev       0x2000c808        0x4 app/libapp.a(led.c.obj)
 .bss.button_cb_data
                0x2000c80c        0xc app/libapp.a(button_handler.c.obj)
 .bss.gap_button_func
                0x2000c818        0x4 app/libapp.a(button_handler.c.obj)
 .bss.pm_notifiers
                0x2000c81c        0x8 zephyr/libzephyr.a(pm.c.obj)
 .bss.z_post_ops_required
                0x2000c824        0x4 zephyr/libzephyr.a(pm.c.obj)
 .bss.z_power_states
                0x2000c828        0xc zephyr/libzephyr.a(pm.c.obj)
 .bss.z_power_states_forced
                0x2000c834        0x4 zephyr/libzephyr.a(pm.c.obj)
 .bss.context_buffer
                0x2000c838       0x88 zephyr/libzephyr.a(secure_services_ns.c.obj)
 .bss.dyn_reg_info
                0x2000c8c0       0x14 zephyr/arch/arch/arm/core/aarch32/mpu/libarch__arm__core__aarch32__mpu.a(arm_mpu.c.obj)
 .bss.cli.10886
                0x2000c8d4       0x10 zephyr/drivers/clock_control/libdrivers__clock_control.a(clock_control_nrf.c.obj)
 .bss.data      0x2000c8e4       0x50 zephyr/drivers/clock_control/libdrivers__clock_control.a(clock_control_nrf.c.obj)
 .bss.hfclk_users
                0x2000c934        0x4 zephyr/drivers/clock_control/libdrivers__clock_control.a(clock_control_nrf.c.obj)
 .bss.on.10885  0x2000c938        0x4 zephyr/drivers/clock_control/libdrivers__clock_control.a(clock_control_nrf.c.obj)
 .bss.uart_console_dev
                0x2000c93c        0x4 zephyr/drivers/console/libdrivers__console.a(uart_console.c.obj)
 .bss.gpio_nrfx_p0_data
                0x2000c940        0xc zephyr/drivers/gpio/libdrivers__gpio.a(gpio_nrfx.c.obj)
 .bss.force_isr_mask
                0x2000c94c        0x4 zephyr/drivers/timer/libdrivers__timer.a(nrf_rtc_timer.c.obj)
 .bss.int_mask  0x2000c950        0x4 zephyr/drivers/timer/libdrivers__timer.a(nrf_rtc_timer.c.obj)
 .bss.overflow_cnt
                0x2000c954        0x4 zephyr/drivers/timer/libdrivers__timer.a(nrf_rtc_timer.c.obj)
 .bss.init_ret  0x2000c958        0x4 modules/nrf/lib/nrf_modem_lib/lib..__nrf__lib__nrf_modem_lib.a(nrf_modem_lib.c.obj)
 .bss.shutdown_threads
                0x2000c95c        0x8 modules/nrf/lib/nrf_modem_lib/lib..__nrf__lib__nrf_modem_lib.a(nrf_modem_lib.c.obj)
 .bss.slist_mutex
                0x2000c964       0x14 modules/nrf/lib/nrf_modem_lib/lib..__nrf__lib__nrf_modem_lib.a(nrf_modem_lib.c.obj)
 .bss.heap_diag
                0x2000c978        0x4 modules/nrf/lib/nrf_modem_lib/lib..__nrf__lib__nrf_modem_lib.a(nrf_modem_os.c.obj)
 .bss.nrf_modem_os_sems
                0x2000c97c       0x30 modules/nrf/lib/nrf_modem_lib/lib..__nrf__lib__nrf_modem_lib.a(nrf_modem_os.c.obj)
 .bss.rpc_event_cnt
                0x2000c9ac        0x4 modules/nrf/lib/nrf_modem_lib/lib..__nrf__lib__nrf_modem_lib.a(nrf_modem_os.c.obj)
 .bss.shmem_diag
                0x2000c9b0        0x4 modules/nrf/lib/nrf_modem_lib/lib..__nrf__lib__nrf_modem_lib.a(nrf_modem_os.c.obj)
 .bss.shmem_heap
                0x2000c9b4       0x14 modules/nrf/lib/nrf_modem_lib/lib..__nrf__lib__nrf_modem_lib.a(nrf_modem_os.c.obj)
 .bss.sleeping_threads
                0x2000c9c8        0x8 modules/nrf/lib/nrf_modem_lib/lib..__nrf__lib__nrf_modem_lib.a(nrf_modem_os.c.obj)
 .bss.thread_event_monitor
                0x2000c9d0       0x50 modules/nrf/lib/nrf_modem_lib/lib..__nrf__lib__nrf_modem_lib.a(nrf_modem_os.c.obj)
 .bss.m_clock_cb
                0x2000ca20        0x8 modules/hal_nordic/nrfx/libmodules__hal_nordic__nrfx.a(nrfx_clock.c.obj)
 .bss.m_ipc_cb  0x2000ca28        0xc modules/hal_nordic/nrfx/libmodules__hal_nordic__nrfx.a(nrfx_ipc.c.obj)
 .bss.mp_fifo_modem_int
                0x2000ca34        0x4 D:/SDK/ncs_v1.9.1/v1.9.1/nrfxlib/nrf_modem/lib/cortex-m33/soft-float/libmodem.a(ipc_trace.c.obj)
 .bss.mp_fifo_modem_kernel